Archive member included to satisfy reference by file (symbol)

c:/st/stm32cubeide_1.12.1/stm32cubeide/plugins/com.st.stm32cube.ide.mcu.externaltools.gnu-tools-for-stm32.10.3-2021.10.win32_1.0.200.202301161003/tools/bin/../lib/gcc/arm-none-eabi/10.3.1/../../../../arm-none-eabi/lib/thumb/v7-m/nofp\libc_nano.a(lib_a-errno.o)
                              ./Core/Src/syscalls.o (__errno)
c:/st/stm32cubeide_1.12.1/stm32cubeide/plugins/com.st.stm32cube.ide.mcu.externaltools.gnu-tools-for-stm32.10.3-2021.10.win32_1.0.200.202301161003/tools/bin/../lib/gcc/arm-none-eabi/10.3.1/../../../../arm-none-eabi/lib/thumb/v7-m/nofp\libc_nano.a(lib_a-exit.o)
                              c:/st/stm32cubeide_1.12.1/stm32cubeide/plugins/com.st.stm32cube.ide.mcu.externaltools.gnu-tools-for-stm32.10.3-2021.10.win32_1.0.200.202301161003/tools/bin/../lib/gcc/arm-none-eabi/10.3.1/../../../../arm-none-eabi/lib/thumb/v7-m/nofp/crt0.o (exit)
c:/st/stm32cubeide_1.12.1/stm32cubeide/plugins/com.st.stm32cube.ide.mcu.externaltools.gnu-tools-for-stm32.10.3-2021.10.win32_1.0.200.202301161003/tools/bin/../lib/gcc/arm-none-eabi/10.3.1/../../../../arm-none-eabi/lib/thumb/v7-m/nofp\libc_nano.a(lib_a-findfp.o)
                              ./Middlewares/Third_Party/FreeRTOS/Source/tasks.o (__sf_fake_stderr)
c:/st/stm32cubeide_1.12.1/stm32cubeide/plugins/com.st.stm32cube.ide.mcu.externaltools.gnu-tools-for-stm32.10.3-2021.10.win32_1.0.200.202301161003/tools/bin/../lib/gcc/arm-none-eabi/10.3.1/../../../../arm-none-eabi/lib/thumb/v7-m/nofp\libc_nano.a(lib_a-fwalk.o)
                              c:/st/stm32cubeide_1.12.1/stm32cubeide/plugins/com.st.stm32cube.ide.mcu.externaltools.gnu-tools-for-stm32.10.3-2021.10.win32_1.0.200.202301161003/tools/bin/../lib/gcc/arm-none-eabi/10.3.1/../../../../arm-none-eabi/lib/thumb/v7-m/nofp\libc_nano.a(lib_a-findfp.o) (_fwalk)
c:/st/stm32cubeide_1.12.1/stm32cubeide/plugins/com.st.stm32cube.ide.mcu.externaltools.gnu-tools-for-stm32.10.3-2021.10.win32_1.0.200.202301161003/tools/bin/../lib/gcc/arm-none-eabi/10.3.1/../../../../arm-none-eabi/lib/thumb/v7-m/nofp\libc_nano.a(lib_a-impure.o)
                              c:/st/stm32cubeide_1.12.1/stm32cubeide/plugins/com.st.stm32cube.ide.mcu.externaltools.gnu-tools-for-stm32.10.3-2021.10.win32_1.0.200.202301161003/tools/bin/../lib/gcc/arm-none-eabi/10.3.1/../../../../arm-none-eabi/lib/thumb/v7-m/nofp\libc_nano.a(lib_a-exit.o) (_global_impure_ptr)
c:/st/stm32cubeide_1.12.1/stm32cubeide/plugins/com.st.stm32cube.ide.mcu.externaltools.gnu-tools-for-stm32.10.3-2021.10.win32_1.0.200.202301161003/tools/bin/../lib/gcc/arm-none-eabi/10.3.1/../../../../arm-none-eabi/lib/thumb/v7-m/nofp\libc_nano.a(lib_a-init.o)
                              c:/st/stm32cubeide_1.12.1/stm32cubeide/plugins/com.st.stm32cube.ide.mcu.externaltools.gnu-tools-for-stm32.10.3-2021.10.win32_1.0.200.202301161003/tools/bin/../lib/gcc/arm-none-eabi/10.3.1/../../../../arm-none-eabi/lib/thumb/v7-m/nofp/crt0.o (__libc_init_array)
c:/st/stm32cubeide_1.12.1/stm32cubeide/plugins/com.st.stm32cube.ide.mcu.externaltools.gnu-tools-for-stm32.10.3-2021.10.win32_1.0.200.202301161003/tools/bin/../lib/gcc/arm-none-eabi/10.3.1/../../../../arm-none-eabi/lib/thumb/v7-m/nofp\libc_nano.a(lib_a-malloc.o)
                              ./Core/ThreadSafe/newlib_lock_glue.o (malloc)
c:/st/stm32cubeide_1.12.1/stm32cubeide/plugins/com.st.stm32cube.ide.mcu.externaltools.gnu-tools-for-stm32.10.3-2021.10.win32_1.0.200.202301161003/tools/bin/../lib/gcc/arm-none-eabi/10.3.1/../../../../arm-none-eabi/lib/thumb/v7-m/nofp\libc_nano.a(lib_a-memcpy-stub.o)
                              ./Csro/fnd_flash/ee.o (memcpy)
c:/st/stm32cubeide_1.12.1/stm32cubeide/plugins/com.st.stm32cube.ide.mcu.externaltools.gnu-tools-for-stm32.10.3-2021.10.win32_1.0.200.202301161003/tools/bin/../lib/gcc/arm-none-eabi/10.3.1/../../../../arm-none-eabi/lib/thumb/v7-m/nofp\libc_nano.a(lib_a-memset.o)
                              c:/st/stm32cubeide_1.12.1/stm32cubeide/plugins/com.st.stm32cube.ide.mcu.externaltools.gnu-tools-for-stm32.10.3-2021.10.win32_1.0.200.202301161003/tools/bin/../lib/gcc/arm-none-eabi/10.3.1/../../../../arm-none-eabi/lib/thumb/v7-m/nofp/crt0.o (memset)
c:/st/stm32cubeide_1.12.1/stm32cubeide/plugins/com.st.stm32cube.ide.mcu.externaltools.gnu-tools-for-stm32.10.3-2021.10.win32_1.0.200.202301161003/tools/bin/../lib/gcc/arm-none-eabi/10.3.1/../../../../arm-none-eabi/lib/thumb/v7-m/nofp\libc_nano.a(lib_a-nano-freer.o)
                              c:/st/stm32cubeide_1.12.1/stm32cubeide/plugins/com.st.stm32cube.ide.mcu.externaltools.gnu-tools-for-stm32.10.3-2021.10.win32_1.0.200.202301161003/tools/bin/../lib/gcc/arm-none-eabi/10.3.1/../../../../arm-none-eabi/lib/thumb/v7-m/nofp\libc_nano.a(lib_a-malloc.o) (_free_r)
[...]
Memory Configuration

Name             Origin             Length             Attributes
RAM              0x0000000020000000 0x000000000000c000 xrw
FLASH            0x0000000008000000 0x0000000000040000 xr
*default*        0x0000000000000000 0xffffffffffffffff

Linker script and memory map

LOAD c:/st/stm32cubeide_1.12.1/stm32cubeide/plugins/com.st.stm32cube.ide.mcu.externaltools.gnu-tools-for-stm32.10.3-2021.10.win32_1.0.200.202301161003/tools/bin/../lib/gcc/arm-none-eabi/10.3.1/thumb/v7-m/nofp/crti.o
LOAD c:/st/stm32cubeide_1.12.1/stm32cubeide/plugins/com.st.stm32cube.ide.mcu.externaltools.gnu-tools-for-stm32.10.3-2021.10.win32_1.0.200.202301161003/tools/bin/../lib/gcc/arm-none-eabi/10.3.1/thumb/v7-m/nofp/crtbegin.o
LOAD c:/st/stm32cubeide_1.12.1/stm32cubeide/plugins/com.st.stm32cube.ide.mcu.externaltools.gnu-tools-for-stm32.10.3-2021.10.win32_1.0.200.202301161003/tools/bin/../lib/gcc/arm-none-eabi/10.3.1/../../../../arm-none-eabi/lib/thumb/v7-m/nofp/crt0.o
LOAD ./Core/Src/dma.o
LOAD ./Core/Src/freertos.o
LOAD ./Core/Src/gpio.o
LOAD ./Core/Src/main.o
LOAD ./Core/Src/stm32f1xx_hal_msp.o
LOAD ./Core/Src/stm32f1xx_hal_timebase_tim.o
LOAD ./Core/Src/stm32f1xx_it.o
LOAD ./Core/Src/syscalls.o
LOAD ./Core/Src/sysmem.o
LOAD ./Core/Src/system_stm32f1xx.o
LOAD ./Core/Src/tim.o
LOAD ./Core/Src/usart.o
LOAD ./Core/Startup/startup_stm32f103rctx.o
LOAD ./Core/ThreadSafe/newlib_lock_glue.o
LOAD ./Csro/fnd_com/fnd_com.o
LOAD ./Csro/fnd_flash/ee.o
LOAD ./Csro/fnd_input/fnd_input.o
LOAD ./Csro/fnd_led/fnd_led.o
LOAD ./Csro/fnd_output/fnd_output.o
LOAD ./Csro/fnd_rf433/fnd_rf433.o
LOAD ./Drivers/STM32F1xx_HAL_Driver/Src/stm32f1xx_hal.o
LOAD ./Drivers/STM32F1xx_HAL_Driver/Src/stm32f1xx_hal_cortex.o
LOAD ./Drivers/STM32F1xx_HAL_Driver/Src/stm32f1xx_hal_dma.o
LOAD ./Drivers/STM32F1xx_HAL_Driver/Src/stm32f1xx_hal_exti.o
LOAD ./Drivers/STM32F1xx_HAL_Driver/Src/stm32f1xx_hal_flash.o
LOAD ./Drivers/STM32F1xx_HAL_Driver/Src/stm32f1xx_hal_flash_ex.o
LOAD ./Drivers/STM32F1xx_HAL_Driver/Src/stm32f1xx_hal_gpio.o
LOAD ./Drivers/STM32F1xx_HAL_Driver/Src/stm32f1xx_hal_gpio_ex.o
LOAD ./Drivers/STM32F1xx_HAL_Driver/Src/stm32f1xx_hal_pwr.o
LOAD ./Drivers/STM32F1xx_HAL_Driver/Src/stm32f1xx_hal_rcc.o
LOAD ./Drivers/STM32F1xx_HAL_Driver/Src/stm32f1xx_hal_rcc_ex.o
LOAD ./Drivers/STM32F1xx_HAL_Driver/Src/stm32f1xx_hal_tim.o
LOAD ./Drivers/STM32F1xx_HAL_Driver/Src/stm32f1xx_hal_tim_ex.o
LOAD ./Drivers/STM32F1xx_HAL_Driver/Src/stm32f1xx_hal_uart.o
LOAD ./Middlewares/Modbus_RTU/mb_master.o
LOAD ./Middlewares/Modbus_RTU/mb_slave.o
LOAD ./Middlewares/Third_Party/FreeRTOS/Source/CMSIS_RTOS_V2/cmsis_os2.o
LOAD ./Middlewares/Third_Party/FreeRTOS/Source/croutine.o
LOAD ./Middlewares/Third_Party/FreeRTOS/Source/event_groups.o
LOAD ./Middlewares/Third_Party/FreeRTOS/Source/list.o
LOAD ./Middlewares/Third_Party/FreeRTOS/Source/queue.o
LOAD ./Middlewares/Third_Party/FreeRTOS/Source/stream_buffer.o
LOAD ./Middlewares/Third_Party/FreeRTOS/Source/tasks.o
LOAD ./Middlewares/Third_Party/FreeRTOS/Source/timers.o
LOAD ./Middlewares/Third_Party/FreeRTOS/Source/portable/GCC/ARM_CM3/port.o
LOAD ./Middlewares/Third_Party/FreeRTOS/Source/portable/MemMang/heap_4.o
START GROUP
LOAD c:/st/stm32cubeide_1.12.1/stm32cubeide/plugins/com.st.stm32cube.ide.mcu.externaltools.gnu-tools-for-stm32.10.3-2021.10.win32_1.0.200.202301161003/tools/bin/../lib/gcc/arm-none-eabi/10.3.1/../../../../arm-none-eabi/lib/thumb/v7-m/nofp\libc_nano.a
LOAD c:/st/stm32cubeide_1.12.1/stm32cubeide/plugins/com.st.stm32cube.ide.mcu.externaltools.gnu-tools-for-stm32.10.3-2021.10.win32_1.0.200.202301161003/tools/bin/../lib/gcc/arm-none-eabi/10.3.1/../../../../arm-none-eabi/lib/thumb/v7-m/nofp\libm.a
END GROUP
START GROUP
LOAD c:/st/stm32cubeide_1.12.1/stm32cubeide/plugins/com.st.stm32cube.ide.mcu.externaltools.gnu-tools-for-stm32.10.3-2021.10.win32_1.0.200.202301161003/tools/bin/../lib/gcc/arm-none-eabi/10.3.1/thumb/v7-m/nofp\libgcc.a
LOAD c:/st/stm32cubeide_1.12.1/stm32cubeide/plugins/com.st.stm32cube.ide.mcu.externaltools.gnu-tools-for-stm32.10.3-2021.10.win32_1.0.200.202301161003/tools/bin/../lib/gcc/arm-none-eabi/10.3.1/../../../../arm-none-eabi/lib/thumb/v7-m/nofp\libc_nano.a
END GROUP
START GROUP
LOAD c:/st/stm32cubeide_1.12.1/stm32cubeide/plugins/com.st.stm32cube.ide.mcu.externaltools.gnu-tools-for-stm32.10.3-2021.10.win32_1.0.200.202301161003/tools/bin/../lib/gcc/arm-none-eabi/10.3.1/thumb/v7-m/nofp\libgcc.a
LOAD c:/st/stm32cubeide_1.12.1/stm32cubeide/plugins/com.st.stm32cube.ide.mcu.externaltools.gnu-tools-for-stm32.10.3-2021.10.win32_1.0.200.202301161003/tools/bin/../lib/gcc/arm-none-eabi/10.3.1/../../../../arm-none-eabi/lib/thumb/v7-m/nofp\libc_nano.a
LOAD c:/st/stm32cubeide_1.12.1/stm32cubeide/plugins/com.st.stm32cube.ide.mcu.externaltools.gnu-tools-for-stm32.10.3-2021.10.win32_1.0.200.202301161003/tools/bin/../lib/gcc/arm-none-eabi/10.3.1/../../../../arm-none-eabi/lib/thumb/v7-m/nofp\libnosys.a
END GROUP
START GROUP
LOAD c:/st/stm32cubeide_1.12.1/stm32cubeide/plugins/com.st.stm32cube.ide.mcu.externaltools.gnu-tools-for-stm32.10.3-2021.10.win32_1.0.200.202301161003/tools/bin/../lib/gcc/arm-none-eabi/10.3.1/thumb/v7-m/nofp\libgcc.a
LOAD c:/st/stm32cubeide_1.12.1/stm32cubeide/plugins/com.st.stm32cube.ide.mcu.externaltools.gnu-tools-for-stm32.10.3-2021.10.win32_1.0.200.202301161003/tools/bin/../lib/gcc/arm-none-eabi/10.3.1/../../../../arm-none-eabi/lib/thumb/v7-m/nofp\libc_nano.a
LOAD c:/st/stm32cubeide_1.12.1/stm32cubeide/plugins/com.st.stm32cube.ide.mcu.externaltools.gnu-tools-for-stm32.10.3-2021.10.win32_1.0.200.202301161003/tools/bin/../lib/gcc/arm-none-eabi/10.3.1/../../../../arm-none-eabi/lib/thumb/v7-m/nofp\libnosys.a
END GROUP
LOAD c:/st/stm32cubeide_1.12.1/stm32cubeide/plugins/com.st.stm32cube.ide.mcu.externaltools.gnu-tools-for-stm32.10.3-2021.10.win32_1.0.200.202301161003/tools/bin/../lib/gcc/arm-none-eabi/10.3.1/thumb/v7-m/nofp/crtend.o
LOAD c:/st/stm32cubeide_1.12.1/stm32cubeide/plugins/com.st.stm32cube.ide.mcu.externaltools.gnu-tools-for-stm32.10.3-2021.10.win32_1.0.200.202301161003/tools/bin/../lib/gcc/arm-none-eabi/10.3.1/thumb/v7-m/nofp/crtn.o
                0x000000002000c000                _estack = (ORIGIN (RAM) + LENGTH (RAM))
                0x0000000000000800                _Min_Heap_Size = 0x800
                0x0000000000000800                _Min_Stack_Size = 0x800

.isr_vector     0x0000000008000000      0x1e4
                0x0000000008000000                . = ALIGN (0x4)
 *(.isr_vector)
 .isr_vector    0x0000000008000000      0x1e4 ./Core/Startup/startup_stm32f103rctx.o
                0x0000000008000000                g_pfnVectors
                0x00000000080001e4                . = ALIGN (0x4)

.text           0x00000000080001f0     0x8c64
                0x00000000080001f0                . = ALIGN (0x4)
 *(.text)
 .text          0x00000000080001f0       0x40 c:/st/stm32cubeide_1.12.1/stm32cubeide/plugins/com.st.stm32cube.ide.mcu.externaltools.gnu-tools-for-stm32.10.3-2021.10.win32_1.0.200.202301161003/tools/bin/../lib/gcc/arm-none-eabi/10.3.1/thumb/v7-m/nofp/crtbegin.o
 *(.text*)
 .text.MX_DMA_Init
                0x0000000008000230       0x7c ./Core/Src/dma.o
                0x0000000008000230                MX_DMA_Init
 .text.MX_FREERTOS_Init
                0x00000000080002ac       0x9c ./Core/Src/freertos.o
                0x00000000080002ac                MX_FREERTOS_Init
 .text.StartTask01
                0x0000000008000348        0xe ./Core/Src/freertos.o
                0x0000000008000348                StartTask01
 .text.StartTask02
                0x0000000008000356        0xe ./Core/Src/freertos.o
                0x0000000008000356                StartTask02
 .text.StartTask03
                0x0000000008000364       0x18 ./Core/Src/freertos.o
                0x0000000008000364                StartTask03
 .text.StartTask04
                0x000000000800037c       0x10 ./Core/Src/freertos.o
                0x000000000800037c                StartTask04
 .text.StartTask05
                0x000000000800038c       0x14 ./Core/Src/freertos.o
                0x000000000800038c                StartTask05
 .text.MX_GPIO_Init
                0x00000000080003a0      0x1b8 ./Core/Src/gpio.o
                0x00000000080003a0                MX_GPIO_Init
 .text.main     0x0000000008000558       0x32 ./Core/Src/main.o
                0x0000000008000558                main
 .text.SystemClock_Config
                0x000000000800058a       0x82 ./Core/Src/main.o
                0x000000000800058a                SystemClock_Config
 .text.HAL_TIM_PeriodElapsedCallback
                0x000000000800060c       0x24 ./Core/Src/main.o
                0x000000000800060c                HAL_TIM_PeriodElapsedCallback
 .text.Error_Handler
                0x0000000008000630        0xa ./Core/Src/main.o
                0x0000000008000630                Error_Handler
 *fill*         0x000000000800063a        0x2 
 .text.HAL_MspInit
                0x000000000800063c       0x70 ./Core/Src/stm32f1xx_hal_msp.o
                0x000000000800063c                HAL_MspInit
 .text.HAL_InitTick
                0x00000000080006ac       0xe4 ./Core/Src/stm32f1xx_hal_timebase_tim.o
                0x00000000080006ac                HAL_InitTick
 .text.NMI_Handler
                0x0000000008000790        0x6 ./Core/Src/stm32f1xx_it.o
                0x0000000008000790                NMI_Handler
 .text.HardFault_Handler
                0x0000000008000796        0x6 ./Core/Src/stm32f1xx_it.o
                0x0000000008000796                HardFault_Handler
 .text.MemManage_Handler
                0x000000000800079c        0x6 ./Core/Src/stm32f1xx_it.o
                0x000000000800079c                MemManage_Handler
 .text.BusFault_Handler
                0x00000000080007a2        0x6 ./Core/Src/stm32f1xx_it.o
                0x00000000080007a2                BusFault_Handler
 .text.UsageFault_Handler
                0x00000000080007a8        0x6 ./Core/Src/stm32f1xx_it.o
                0x00000000080007a8                UsageFault_Handler
 .text.DebugMon_Handler
                0x00000000080007ae        0xc ./Core/Src/stm32f1xx_it.o
                0x00000000080007ae                DebugMon_Handler
 .text.EXTI0_IRQHandler
                0x00000000080007ba       0x12 ./Core/Src/stm32f1xx_it.o
                0x00000000080007ba                EXTI0_IRQHandler
 .text.DMA1_Channel2_IRQHandler
                0x00000000080007cc       0x14 ./Core/Src/stm32f1xx_it.o
                0x00000000080007cc                DMA1_Channel2_IRQHandler
 .text.DMA1_Channel4_IRQHandler
                0x00000000080007e0       0x14 ./Core/Src/stm32f1xx_it.o
                0x00000000080007e0                DMA1_Channel4_IRQHandler
 .text.DMA1_Channel5_IRQHandler
                0x00000000080007f4       0x14 ./Core/Src/stm32f1xx_it.o
                0x00000000080007f4                DMA1_Channel5_IRQHandler
 .text.DMA1_Channel6_IRQHandler
                0x0000000008000808       0x14 ./Core/Src/stm32f1xx_it.o
                0x0000000008000808                DMA1_Channel6_IRQHandler
 .text.DMA1_Channel7_IRQHandler
                0x000000000800081c       0x14 ./Core/Src/stm32f1xx_it.o
                0x000000000800081c                DMA1_Channel7_IRQHandler
 .text.TIM2_IRQHandler
                0x0000000008000830       0x14 ./Core/Src/stm32f1xx_it.o
                0x0000000008000830                TIM2_IRQHandler
 .text.TIM3_IRQHandler
                0x0000000008000844       0x14 ./Core/Src/stm32f1xx_it.o
                0x0000000008000844                TIM3_IRQHandler
 .text.USART1_IRQHandler
                0x0000000008000858       0x18 ./Core/Src/stm32f1xx_it.o
                0x0000000008000858                USART1_IRQHandler
 .text.USART2_IRQHandler
                0x0000000008000870       0x18 ./Core/Src/stm32f1xx_it.o
                0x0000000008000870                USART2_IRQHandler
 .text.TIM8_UP_IRQHandler
                0x0000000008000888       0x14 ./Core/Src/stm32f1xx_it.o
                0x0000000008000888                TIM8_UP_IRQHandler
 .text.SystemInit
                0x000000000800089c        0xc ./Core/Src/system_stm32f1xx.o
                0x000000000800089c                SystemInit
 .text.MX_TIM2_Init
                0x00000000080008a8       0x98 ./Core/Src/tim.o
                0x00000000080008a8                MX_TIM2_Init
 .text.MX_TIM3_Init
                0x0000000008000940       0x9c ./Core/Src/tim.o
                0x0000000008000940                MX_TIM3_Init
 .text.HAL_TIM_Base_MspInit
                0x00000000080009dc       0xd8 ./Core/Src/tim.o
                0x00000000080009dc                HAL_TIM_Base_MspInit
 .text.MX_USART1_UART_Init
                0x0000000008000ab4       0x54 ./Core/Src/usart.o
                0x0000000008000ab4                MX_USART1_UART_Init
 .text.MX_USART2_UART_Init
                0x0000000008000b08       0x54 ./Core/Src/usart.o
                0x0000000008000b08                MX_USART2_UART_Init
 .text.HAL_UART_MspInit
                0x0000000008000b5c      0x27c ./Core/Src/usart.o
                0x0000000008000b5c                HAL_UART_MspInit
 .text.Reset_Handler
                0x0000000008000dd8       0x48 ./Core/Startup/startup_stm32f103rctx.o
                0x0000000008000dd8                Reset_Handler
 .text.Default_Handler
                0x0000000008000e20        0x2 ./Core/Startup/startup_stm32f103rctx.o
                0x0000000008000e20                RTC_Alarm_IRQHandler
                0x0000000008000e20                EXTI2_IRQHandler
                0x0000000008000e20                TIM8_TRG_COM_IRQHandler
                0x0000000008000e20                TIM8_CC_IRQHandler
                0x0000000008000e20                TIM1_CC_IRQHandler
                0x0000000008000e20                TIM6_IRQHandler
                0x0000000008000e20                PVD_IRQHandler
                0x0000000008000e20                SDIO_IRQHandler
                0x0000000008000e20                EXTI3_IRQHandler
                0x0000000008000e20                I2C2_EV_IRQHandler
                0x0000000008000e20                ADC1_2_IRQHandler
                0x0000000008000e20                SPI1_IRQHandler
                0x0000000008000e20                TAMPER_IRQHandler
                0x0000000008000e20                DMA2_Channel2_IRQHandler
                0x0000000008000e20                USART3_IRQHandler
                0x0000000008000e20                RTC_IRQHandler
                0x0000000008000e20                CAN1_RX1_IRQHandler
                0x0000000008000e20                UART5_IRQHandler
                0x0000000008000e20                ADC3_IRQHandler
                0x0000000008000e20                TIM4_IRQHandler
                0x0000000008000e20                DMA2_Channel1_IRQHandler
                0x0000000008000e20                I2C1_EV_IRQHandler
                0x0000000008000e20                UART4_IRQHandler
                0x0000000008000e20                RCC_IRQHandler
                0x0000000008000e20                TIM1_TRG_COM_IRQHandler
                0x0000000008000e20                DMA1_Channel1_IRQHandler
                0x0000000008000e20                Default_Handler
                0x0000000008000e20                EXTI15_10_IRQHandler
                0x0000000008000e20                TIM7_IRQHandler
                0x0000000008000e20                TIM5_IRQHandler
                0x0000000008000e20                EXTI9_5_IRQHandler
                0x0000000008000e20                SPI2_IRQHandler
                0x0000000008000e20                EXTI4_IRQHandler
                0x0000000008000e20                USB_LP_CAN1_RX0_IRQHandler
                0x0000000008000e20                USB_HP_CAN1_TX_IRQHandler
                0x0000000008000e20                DMA1_Channel3_IRQHandler
                0x0000000008000e20                FSMC_IRQHandler
                0x0000000008000e20                TIM1_UP_IRQHandler
                0x0000000008000e20                WWDG_IRQHandler
                0x0000000008000e20                TIM1_BRK_IRQHandler
                0x0000000008000e20                EXTI1_IRQHandler
                0x0000000008000e20                DMA2_Channel4_5_IRQHandler
                0x0000000008000e20                I2C2_ER_IRQHandler
                0x0000000008000e20                TIM8_BRK_IRQHandler
                0x0000000008000e20                CAN1_SCE_IRQHandler
                0x0000000008000e20                FLASH_IRQHandler
                0x0000000008000e20                SPI3_IRQHandler
                0x0000000008000e20                I2C1_ER_IRQHandler
                0x0000000008000e20                USBWakeUp_IRQHandler
                0x0000000008000e20                DMA2_Channel3_IRQHandler
 .text.stm32_lock_acquire
                0x0000000008000e22       0x60 ./Core/ThreadSafe/newlib_lock_glue.o
 .text.stm32_lock_release
                0x0000000008000e82       0x54 ./Core/ThreadSafe/newlib_lock_glue.o
 .text.__retarget_lock_acquire_recursive
                0x0000000008000ed6       0x28 ./Core/ThreadSafe/newlib_lock_glue.o
                0x0000000008000ed6                __retarget_lock_acquire_recursive
 .text.__retarget_lock_release_recursive
                0x0000000008000efe       0x28 ./Core/ThreadSafe/newlib_lock_glue.o
                0x0000000008000efe                __retarget_lock_release_recursive
 *fill*         0x0000000008000f26        0x2 
 .text.fnd_com_modbus_rtu_init
                0x0000000008000f28       0x34 ./Csro/fnd_com/fnd_com.o
                0x0000000008000f28                fnd_com_modbus_rtu_init
 .text.fnd_com_modbus_rtu_uart_idle_irq
                0x0000000008000f5c       0x64 ./Csro/fnd_com/fnd_com.o
                0x0000000008000f5c                fnd_com_modbus_rtu_uart_idle_irq
 .text.HAL_UART_TxCpltCallback
                0x0000000008000fc0       0x44 ./Csro/fnd_com/fnd_com.o
                0x0000000008000fc0                HAL_UART_TxCpltCallback
 .text.fnd_com_modbus_rtu_slave1_wait
                0x0000000008001004       0x14 ./Csro/fnd_com/fnd_com.o
                0x0000000008001004                fnd_com_modbus_rtu_slave1_wait
 .text.fnd_com_modbus_rtu_slave2_wait
                0x0000000008001018       0x14 ./Csro/fnd_com/fnd_com.o
                0x0000000008001018                fnd_com_modbus_rtu_slave2_wait
 .text.ee_init  0x000000000800102c       0x16 ./Csro/fnd_flash/ee.o
                0x000000000800102c                ee_init
 *fill*         0x0000000008001042        0x2 
 .text.ee_read  0x0000000008001044       0x84 ./Csro/fnd_flash/ee.o
                0x0000000008001044                ee_read
 .text.fnd_input_gpio_read_user_keys
                0x00000000080010c8       0x5c ./Csro/fnd_input/fnd_input.o
                0x00000000080010c8                fnd_input_gpio_read_user_keys
 .text.fnd_input_gpio_read_user_di
                0x0000000008001124       0x5c ./Csro/fnd_input/fnd_input.o
                0x0000000008001124                fnd_input_gpio_read_user_di
 .text.fnd_input_update_value
                0x0000000008001180       0x56 ./Csro/fnd_input/fnd_input.o
                0x0000000008001180                fnd_input_update_value
 .text.fnd_led_update
                0x00000000080011d6        0xc ./Csro/fnd_led/fnd_led.o
                0x00000000080011d6                fnd_led_update
 .text.fnd_output_update_value
                0x00000000080011e2        0xc ./Csro/fnd_output/fnd_output.o
                0x00000000080011e2                fnd_output_update_value
 *fill*         0x00000000080011ee        0x2 
 .text.fnd_rf433_handle_duration
                0x00000000080011f0      0x17c ./Csro/fnd_rf433/fnd_rf433.o
                0x00000000080011f0                fnd_rf433_handle_duration
 .text.fnd_rf433_signal_received
                0x000000000800136c       0x48 ./Csro/fnd_rf433/fnd_rf433.o
                0x000000000800136c                fnd_rf433_signal_received
 .text.HAL_Init
                0x00000000080013b4       0x2c ./Drivers/STM32F1xx_HAL_Driver/Src/stm32f1xx_hal.o
                0x00000000080013b4                HAL_Init
 .text.HAL_IncTick
                0x00000000080013e0       0x24 ./Drivers/STM32F1xx_HAL_Driver/Src/stm32f1xx_hal.o
                0x00000000080013e0                HAL_IncTick
 .text.HAL_GetTick
                0x0000000008001404       0x14 ./Drivers/STM32F1xx_HAL_Driver/Src/stm32f1xx_hal.o
                0x0000000008001404                HAL_GetTick
 .text.__NVIC_SetPriorityGrouping
                0x0000000008001418       0x48 ./Drivers/STM32F1xx_HAL_Driver/Src/stm32f1xx_hal_cortex.o
 .text.__NVIC_GetPriorityGrouping
                0x0000000008001460       0x1c ./Drivers/STM32F1xx_HAL_Driver/Src/stm32f1xx_hal_cortex.o
 .text.__NVIC_EnableIRQ
                0x000000000800147c       0x38 ./Drivers/STM32F1xx_HAL_Driver/Src/stm32f1xx_hal_cortex.o
 .text.__NVIC_SetPriority
                0x00000000080014b4       0x54 ./Drivers/STM32F1xx_HAL_Driver/Src/stm32f1xx_hal_cortex.o
 .text.NVIC_EncodePriority
                0x0000000008001508       0x64 ./Drivers/STM32F1xx_HAL_Driver/Src/stm32f1xx_hal_cortex.o
 .text.HAL_NVIC_SetPriorityGrouping
                0x000000000800156c       0x16 ./Drivers/STM32F1xx_HAL_Driver/Src/stm32f1xx_hal_cortex.o
                0x000000000800156c                HAL_NVIC_SetPriorityGrouping
 .text.HAL_NVIC_SetPriority
                0x0000000008001582       0x38 ./Drivers/STM32F1xx_HAL_Driver/Src/stm32f1xx_hal_cortex.o
                0x0000000008001582                HAL_NVIC_SetPriority
 .text.HAL_NVIC_EnableIRQ
                0x00000000080015ba       0x1c ./Drivers/STM32F1xx_HAL_Driver/Src/stm32f1xx_hal_cortex.o
                0x00000000080015ba                HAL_NVIC_EnableIRQ
 *fill*         0x00000000080015d6        0x2 
 .text.HAL_DMA_Init
                0x00000000080015d8       0xec ./Drivers/STM32F1xx_HAL_Driver/Src/stm32f1xx_hal_dma.o
                0x00000000080015d8                HAL_DMA_Init
 .text.HAL_DMA_Start_IT
                0x00000000080016c4       0xc0 ./Drivers/STM32F1xx_HAL_Driver/Src/stm32f1xx_hal_dma.o
                0x00000000080016c4                HAL_DMA_Start_IT
 .text.HAL_DMA_Abort
                0x0000000008001784       0x76 ./Drivers/STM32F1xx_HAL_Driver/Src/stm32f1xx_hal_dma.o
                0x0000000008001784                HAL_DMA_Abort
 *fill*         0x00000000080017fa        0x2 
 .text.HAL_DMA_Abort_IT
                0x00000000080017fc      0x210 ./Drivers/STM32F1xx_HAL_Driver/Src/stm32f1xx_hal_dma.o
                0x00000000080017fc                HAL_DMA_Abort_IT
 .text.HAL_DMA_IRQHandler
                0x0000000008001a0c      0x478 ./Drivers/STM32F1xx_HAL_Driver/Src/stm32f1xx_hal_dma.o
                0x0000000008001a0c                HAL_DMA_IRQHandler
 .text.DMA_SetConfig
                0x0000000008001e84       0x5a ./Drivers/STM32F1xx_HAL_Driver/Src/stm32f1xx_hal_dma.o
 *fill*         0x0000000008001ede        0x2 
 .text.HAL_GPIO_Init
                0x0000000008001ee0      0x328 ./Drivers/STM32F1xx_HAL_Driver/Src/stm32f1xx_hal_gpio.o
                0x0000000008001ee0                HAL_GPIO_Init
 .text.HAL_GPIO_ReadPin
                0x0000000008002208       0x2e ./Drivers/STM32F1xx_HAL_Driver/Src/stm32f1xx_hal_gpio.o
                0x0000000008002208                HAL_GPIO_ReadPin
 .text.HAL_GPIO_WritePin
                0x0000000008002236       0x30 ./Drivers/STM32F1xx_HAL_Driver/Src/stm32f1xx_hal_gpio.o
                0x0000000008002236                HAL_GPIO_WritePin
 *fill*         0x0000000008002266        0x2 
 .text.HAL_GPIO_EXTI_IRQHandler
                0x0000000008002268       0x30 ./Drivers/STM32F1xx_HAL_Driver/Src/stm32f1xx_hal_gpio.o
                0x0000000008002268                HAL_GPIO_EXTI_IRQHandler
 .text.HAL_GPIO_EXTI_Callback
                0x0000000008002298       0x14 ./Drivers/STM32F1xx_HAL_Driver/Src/stm32f1xx_hal_gpio.o
                0x0000000008002298                HAL_GPIO_EXTI_Callback
 .text.HAL_RCC_OscConfig
                0x00000000080022ac      0x504 ./Drivers/STM32F1xx_HAL_Driver/Src/stm32f1xx_hal_rcc.o
                0x00000000080022ac                HAL_RCC_OscConfig
 .text.HAL_RCC_ClockConfig
                0x00000000080027b0      0x1d4 ./Drivers/STM32F1xx_HAL_Driver/Src/stm32f1xx_hal_rcc.o
                0x00000000080027b0                HAL_RCC_ClockConfig
 .text.HAL_RCC_GetSysClockFreq
                0x0000000008002984       0xa8 ./Drivers/STM32F1xx_HAL_Driver/Src/stm32f1xx_hal_rcc.o
                0x0000000008002984                HAL_RCC_GetSysClockFreq
 .text.HAL_RCC_GetHCLKFreq
                0x0000000008002a2c       0x14 ./Drivers/STM32F1xx_HAL_Driver/Src/stm32f1xx_hal_rcc.o
                0x0000000008002a2c                HAL_RCC_GetHCLKFreq
 .text.HAL_RCC_GetPCLK1Freq
                0x0000000008002a40       0x28 ./Drivers/STM32F1xx_HAL_Driver/Src/stm32f1xx_hal_rcc.o
                0x0000000008002a40                HAL_RCC_GetPCLK1Freq
 .text.HAL_RCC_GetPCLK2Freq
                0x0000000008002a68       0x28 ./Drivers/STM32F1xx_HAL_Driver/Src/stm32f1xx_hal_rcc.o
                0x0000000008002a68                HAL_RCC_GetPCLK2Freq
 .text.HAL_RCC_GetClockConfig
                0x0000000008002a90       0x60 ./Drivers/STM32F1xx_HAL_Driver/Src/stm32f1xx_hal_rcc.o
                0x0000000008002a90                HAL_RCC_GetClockConfig
 .text.RCC_Delay
                0x0000000008002af0       0x3c ./Drivers/STM32F1xx_HAL_Driver/Src/stm32f1xx_hal_rcc.o
 .text.HAL_TIM_Base_Init
                0x0000000008002b2c       0x9e ./Drivers/STM32F1xx_HAL_Driver/Src/stm32f1xx_hal_tim.o
                0x0000000008002b2c                HAL_TIM_Base_Init
 *fill*         0x0000000008002bca        0x2 
 .text.HAL_TIM_Base_Start
                0x0000000008002bcc       0xb0 ./Drivers/STM32F1xx_HAL_Driver/Src/stm32f1xx_hal_tim.o
                0x0000000008002bcc                HAL_TIM_Base_Start
 .text.HAL_TIM_Base_Stop
                0x0000000008002c7c       0x4c ./Drivers/STM32F1xx_HAL_Driver/Src/stm32f1xx_hal_tim.o
                0x0000000008002c7c                HAL_TIM_Base_Stop
 .text.HAL_TIM_Base_Start_IT
                0x0000000008002cc8       0xc0 ./Drivers/STM32F1xx_HAL_Driver/Src/stm32f1xx_hal_tim.o
                0x0000000008002cc8                HAL_TIM_Base_Start_IT
 .text.HAL_TIM_IRQHandler
                0x0000000008002d88      0x210 ./Drivers/STM32F1xx_HAL_Driver/Src/stm32f1xx_hal_tim.o
                0x0000000008002d88                HAL_TIM_IRQHandler
 .text.HAL_TIM_ConfigClockSource
                0x0000000008002f98      0x18e ./Drivers/STM32F1xx_HAL_Driver/Src/stm32f1xx_hal_tim.o
                0x0000000008002f98                HAL_TIM_ConfigClockSource
 .text.HAL_TIM_OC_DelayElapsedCallback
                0x0000000008003126       0x12 ./Drivers/STM32F1xx_HAL_Driver/Src/stm32f1xx_hal_tim.o
                0x0000000008003126                HAL_TIM_OC_DelayElapsedCallback
 .text.HAL_TIM_IC_CaptureCallback
                0x0000000008003138       0x12 ./Drivers/STM32F1xx_HAL_Driver/Src/stm32f1xx_hal_tim.o
                0x0000000008003138                HAL_TIM_IC_CaptureCallback
 .text.HAL_TIM_PWM_PulseFinishedCallback
                0x000000000800314a       0x12 ./Drivers/STM32F1xx_HAL_Driver/Src/stm32f1xx_hal_tim.o
                0x000000000800314a                HAL_TIM_PWM_PulseFinishedCallback
 .text.HAL_TIM_TriggerCallback
                0x000000000800315c       0x12 ./Drivers/STM32F1xx_HAL_Driver/Src/stm32f1xx_hal_tim.o
                0x000000000800315c                HAL_TIM_TriggerCallback
 *fill*         0x000000000800316e        0x2 
 .text.TIM_Base_SetConfig
                0x0000000008003170       0xf4 ./Drivers/STM32F1xx_HAL_Driver/Src/stm32f1xx_hal_tim.o
                0x0000000008003170                TIM_Base_SetConfig
 .text.TIM_TI1_ConfigInputStage
                0x0000000008003264       0x5c ./Drivers/STM32F1xx_HAL_Driver/Src/stm32f1xx_hal_tim.o
 .text.TIM_TI2_ConfigInputStage
                0x00000000080032c0       0x5e ./Drivers/STM32F1xx_HAL_Driver/Src/stm32f1xx_hal_tim.o
 .text.TIM_ITRx_SetConfig
                0x000000000800331e       0x34 ./Drivers/STM32F1xx_HAL_Driver/Src/stm32f1xx_hal_tim.o
 .text.TIM_ETR_SetConfig
                0x0000000008003352       0x3e ./Drivers/STM32F1xx_HAL_Driver/Src/stm32f1xx_hal_tim.o
                0x0000000008003352                TIM_ETR_SetConfig
 .text.HAL_TIMEx_MasterConfigSynchronization
                0x0000000008003390       0xd8 ./Drivers/STM32F1xx_HAL_Driver/Src/stm32f1xx_hal_tim_ex.o
                0x0000000008003390                HAL_TIMEx_MasterConfigSynchronization
 .text.HAL_TIMEx_CommutCallback
                0x0000000008003468       0x12 ./Drivers/STM32F1xx_HAL_Driver/Src/stm32f1xx_hal_tim_ex.o
                0x0000000008003468                HAL_TIMEx_CommutCallback
 .text.HAL_TIMEx_BreakCallback
                0x000000000800347a       0x12 ./Drivers/STM32F1xx_HAL_Driver/Src/stm32f1xx_hal_tim_ex.o
                0x000000000800347a                HAL_TIMEx_BreakCallback
 .text.HAL_UART_Init
                0x000000000800348c       0xa0 ./Drivers/STM32F1xx_HAL_Driver/Src/stm32f1xx_hal_uart.o
                0x000000000800348c                HAL_UART_Init
 .text.HAL_UART_Transmit_DMA
                0x000000000800352c       0xe0 ./Drivers/STM32F1xx_HAL_Driver/Src/stm32f1xx_hal_uart.o
                0x000000000800352c                HAL_UART_Transmit_DMA
 .text.HAL_UART_Receive_DMA
                0x000000000800360c       0x4a ./Drivers/STM32F1xx_HAL_Driver/Src/stm32f1xx_hal_uart.o
                0x000000000800360c                HAL_UART_Receive_DMA
 .text.HAL_UART_DMAStop
                0x0000000008003656       0xfe ./Drivers/STM32F1xx_HAL_Driver/Src/stm32f1xx_hal_uart.o
                0x0000000008003656                HAL_UART_DMAStop
 .text.HAL_UART_IRQHandler
                0x0000000008003754      0x524 ./Drivers/STM32F1xx_HAL_Driver/Src/stm32f1xx_hal_uart.o
                0x0000000008003754                HAL_UART_IRQHandler
 .text.HAL_UART_TxHalfCpltCallback
                0x0000000008003c78       0x12 ./Drivers/STM32F1xx_HAL_Driver/Src/stm32f1xx_hal_uart.o
                0x0000000008003c78                HAL_UART_TxHalfCpltCallback
 .text.HAL_UART_RxCpltCallback
                0x0000000008003c8a       0x12 ./Drivers/STM32F1xx_HAL_Driver/Src/stm32f1xx_hal_uart.o
                0x0000000008003c8a                HAL_UART_RxCpltCallback
 .text.HAL_UART_RxHalfCpltCallback
                0x0000000008003c9c       0x12 ./Drivers/STM32F1xx_HAL_Driver/Src/stm32f1xx_hal_uart.o
                0x0000000008003c9c                HAL_UART_RxHalfCpltCallback
 .text.HAL_UART_ErrorCallback
                0x0000000008003cae       0x12 ./Drivers/STM32F1xx_HAL_Driver/Src/stm32f1xx_hal_uart.o
                0x0000000008003cae                HAL_UART_ErrorCallback
 .text.HAL_UARTEx_RxEventCallback
                0x0000000008003cc0       0x16 ./Drivers/STM32F1xx_HAL_Driver/Src/stm32f1xx_hal_uart.o
                0x0000000008003cc0                HAL_UARTEx_RxEventCallback
 .text.UART_DMATransmitCplt
                0x0000000008003cd6       0x9a ./Drivers/STM32F1xx_HAL_Driver/Src/stm32f1xx_hal_uart.o
 .text.UART_DMATxHalfCplt
                0x0000000008003d70       0x1c ./Drivers/STM32F1xx_HAL_Driver/Src/stm32f1xx_hal_uart.o
 .text.UART_DMAReceiveCplt
                0x0000000008003d8c      0x12c ./Drivers/STM32F1xx_HAL_Driver/Src/stm32f1xx_hal_uart.o
 .text.UART_DMARxHalfCplt
                0x0000000008003eb8       0x3c ./Drivers/STM32F1xx_HAL_Driver/Src/stm32f1xx_hal_uart.o
 .text.UART_DMAError
                0x0000000008003ef4       0x94 ./Drivers/STM32F1xx_HAL_Driver/Src/stm32f1xx_hal_uart.o
 .text.UART_Start_Receive_DMA
                0x0000000008003f88      0x134 ./Drivers/STM32F1xx_HAL_Driver/Src/stm32f1xx_hal_uart.o
                0x0000000008003f88                UART_Start_Receive_DMA
 .text.UART_EndTxTransfer
                0x00000000080040bc       0x4e ./Drivers/STM32F1xx_HAL_Driver/Src/stm32f1xx_hal_uart.o
 .text.UART_EndRxTransfer
                0x000000000800410a       0xc4 ./Drivers/STM32F1xx_HAL_Driver/Src/stm32f1xx_hal_uart.o
 .text.UART_DMAAbortOnError
                0x00000000080041ce       0x28 ./Drivers/STM32F1xx_HAL_Driver/Src/stm32f1xx_hal_uart.o
 .text.UART_Transmit_IT
                0x00000000080041f6       0x9e ./Drivers/STM32F1xx_HAL_Driver/Src/stm32f1xx_hal_uart.o
 .text.UART_EndTransmit_IT
                0x0000000008004294       0x30 ./Drivers/STM32F1xx_HAL_Driver/Src/stm32f1xx_hal_uart.o
 .text.UART_Receive_IT
                0x00000000080042c4      0x17c ./Drivers/STM32F1xx_HAL_Driver/Src/stm32f1xx_hal_uart.o
 .text.UART_SetConfig
                0x0000000008004440      0x11c ./Drivers/STM32F1xx_HAL_Driver/Src/stm32f1xx_hal_uart.o
 .text.slave_crc16
                0x000000000800455c       0x78 ./Middlewares/Modbus_RTU/mb_slave.o
 .text.slave_validate_cmd
                0x00000000080045d4       0xf4 ./Middlewares/Modbus_RTU/mb_slave.o
 .text.slave_handle_read_discs
                0x00000000080046c8      0x194 ./Middlewares/Modbus_RTU/mb_slave.o
 .text.slave_handle_read_coils
                0x000000000800485c      0x196 ./Middlewares/Modbus_RTU/mb_slave.o
 .text.slave_handle_read_input_regs
                0x00000000080049f2      0x162 ./Middlewares/Modbus_RTU/mb_slave.o
 .text.slave_handle_read_holding_regs
                0x0000000008004b54      0x162 ./Middlewares/Modbus_RTU/mb_slave.o
 .text.slave_compose_write_reply_tx_buffer
                0x0000000008004cb6       0xa8 ./Middlewares/Modbus_RTU/mb_slave.o
 .text.slave_handle_write_single_coil
                0x0000000008004d5e       0xb4 ./Middlewares/Modbus_RTU/mb_slave.o
 .text.slave_handle_write_multi_coils
                0x0000000008004e12       0xfa ./Middlewares/Modbus_RTU/mb_slave.o
 .text.slave_handle_write_single_holding_reg
                0x0000000008004f0c       0xbc ./Middlewares/Modbus_RTU/mb_slave.o
 .text.slave_handle_write_multi_holding_regs
                0x0000000008004fc8       0xfe ./Middlewares/Modbus_RTU/mb_slave.o
 .text.slave_response
                0x00000000080050c6      0x182 ./Middlewares/Modbus_RTU/mb_slave.o
 .text.ostimer_callback
                0x0000000008005248       0x44 ./Middlewares/Modbus_RTU/mb_slave.o
 .text.slave_init
                0x000000000800528c       0x70 ./Middlewares/Modbus_RTU/mb_slave.o
                0x000000000800528c                slave_init
 .text.slave_uart_idle
                0x00000000080052fc       0x80 ./Middlewares/Modbus_RTU/mb_slave.o
                0x00000000080052fc                slave_uart_idle
 .text.slave_set_tx_rx
                0x000000000800537c       0x32 ./Middlewares/Modbus_RTU/mb_slave.o
                0x000000000800537c                slave_set_tx_rx
 .text.slave_wait_request
                0x00000000080053ae       0x72 ./Middlewares/Modbus_RTU/mb_slave.o
                0x00000000080053ae                slave_wait_request
 .text.osKernelInitialize
                0x0000000008005420       0x64 ./Middlewares/Third_Party/FreeRTOS/Source/CMSIS_RTOS_V2/cmsis_os2.o
                0x0000000008005420                osKernelInitialize
 .text.osKernelStart
                0x0000000008005484       0x68 ./Middlewares/Third_Party/FreeRTOS/Source/CMSIS_RTOS_V2/cmsis_os2.o
                0x0000000008005484                osKernelStart
 .text.osThreadNew
                0x00000000080054ec      0x154 ./Middlewares/Third_Party/FreeRTOS/Source/CMSIS_RTOS_V2/cmsis_os2.o
                0x00000000080054ec                osThreadNew
 .text.osDelay  0x0000000008005640       0x5c ./Middlewares/Third_Party/FreeRTOS/Source/CMSIS_RTOS_V2/cmsis_os2.o
                0x0000000008005640                osDelay
 .text.TimerCallback
                0x000000000800569c       0x2a ./Middlewares/Third_Party/FreeRTOS/Source/CMSIS_RTOS_V2/cmsis_os2.o
 *fill*         0x00000000080056c6        0x2 
 .text.osTimerNew
                0x00000000080056c8      0x108 ./Middlewares/Third_Party/FreeRTOS/Source/CMSIS_RTOS_V2/cmsis_os2.o
                0x00000000080056c8                osTimerNew
 .text.osTimerStart
                0x00000000080057d0       0x80 ./Middlewares/Third_Party/FreeRTOS/Source/CMSIS_RTOS_V2/cmsis_os2.o
                0x00000000080057d0                osTimerStart
 .text.osSemaphoreNew
                0x0000000008005850      0x138 ./Middlewares/Third_Party/FreeRTOS/Source/CMSIS_RTOS_V2/cmsis_os2.o
                0x0000000008005850                osSemaphoreNew
 .text.osSemaphoreAcquire
                0x0000000008005988       0xcc ./Middlewares/Third_Party/FreeRTOS/Source/CMSIS_RTOS_V2/cmsis_os2.o
                0x0000000008005988                osSemaphoreAcquire
 .text.osSemaphoreRelease
                0x0000000008005a54       0xb0 ./Middlewares/Third_Party/FreeRTOS/Source/CMSIS_RTOS_V2/cmsis_os2.o
                0x0000000008005a54                osSemaphoreRelease
 .text.vApplicationGetIdleTaskMemory
                0x0000000008005b04       0x30 ./Middlewares/Third_Party/FreeRTOS/Source/CMSIS_RTOS_V2/cmsis_os2.o
                0x0000000008005b04                vApplicationGetIdleTaskMemory
 .text.vApplicationGetTimerTaskMemory
                0x0000000008005b34       0x34 ./Middlewares/Third_Party/FreeRTOS/Source/CMSIS_RTOS_V2/cmsis_os2.o
                0x0000000008005b34                vApplicationGetTimerTaskMemory
 .text.vListInitialise
                0x0000000008005b68       0x3e ./Middlewares/Third_Party/FreeRTOS/Source/list.o
                0x0000000008005b68                vListInitialise
 .text.vListInitialiseItem
                0x0000000008005ba6       0x18 ./Middlewares/Third_Party/FreeRTOS/Source/list.o
                0x0000000008005ba6                vListInitialiseItem
 .text.vListInsertEnd
                0x0000000008005bbe       0x46 ./Middlewares/Third_Party/FreeRTOS/Source/list.o
                0x0000000008005bbe                vListInsertEnd
 .text.vListInsert
                0x0000000008005c04       0x70 ./Middlewares/Third_Party/FreeRTOS/Source/list.o
                0x0000000008005c04                vListInsert
 .text.uxListRemove
                0x0000000008005c74       0x52 ./Middlewares/Third_Party/FreeRTOS/Source/list.o
                0x0000000008005c74                uxListRemove
 *fill*         0x0000000008005cc6        0x2 
 .text.xQueueGenericReset
                0x0000000008005cc8       0xd0 ./Middlewares/Third_Party/FreeRTOS/Source/queue.o
                0x0000000008005cc8                xQueueGenericReset
 .text.xQueueGenericCreateStatic
                0x0000000008005d98       0xee ./Middlewares/Third_Party/FreeRTOS/Source/queue.o
                0x0000000008005d98                xQueueGenericCreateStatic
 .text.xQueueGenericCreate
                0x0000000008005e86       0x7c ./Middlewares/Third_Party/FreeRTOS/Source/queue.o
                0x0000000008005e86                xQueueGenericCreate
 .text.prvInitialiseNewQueue
                0x0000000008005f02       0x46 ./Middlewares/Third_Party/FreeRTOS/Source/queue.o
 .text.xQueueCreateCountingSemaphoreStatic
                0x0000000008005f48       0x6e ./Middlewares/Third_Party/FreeRTOS/Source/queue.o
                0x0000000008005f48                xQueueCreateCountingSemaphoreStatic
 .text.xQueueCreateCountingSemaphore
                0x0000000008005fb6       0x66 ./Middlewares/Third_Party/FreeRTOS/Source/queue.o
                0x0000000008005fb6                xQueueCreateCountingSemaphore
 .text.xQueueGenericSend
                0x000000000800601c      0x1fc ./Middlewares/Third_Party/FreeRTOS/Source/queue.o
                0x000000000800601c                xQueueGenericSend
 .text.xQueueGenericSendFromISR
                0x0000000008006218      0x130 ./Middlewares/Third_Party/FreeRTOS/Source/queue.o
                0x0000000008006218                xQueueGenericSendFromISR
 .text.xQueueGiveFromISR
                0x0000000008006348      0x11a ./Middlewares/Third_Party/FreeRTOS/Source/queue.o
                0x0000000008006348                xQueueGiveFromISR
 *fill*         0x0000000008006462        0x2 
 .text.xQueueReceive
                0x0000000008006464      0x1c0 ./Middlewares/Third_Party/FreeRTOS/Source/queue.o
                0x0000000008006464                xQueueReceive
 .text.xQueueSemaphoreTake
                0x0000000008006624      0x218 ./Middlewares/Third_Party/FreeRTOS/Source/queue.o
                0x0000000008006624                xQueueSemaphoreTake
 .text.xQueueReceiveFromISR
                0x000000000800683c      0x100 ./Middlewares/Third_Party/FreeRTOS/Source/queue.o
                0x000000000800683c                xQueueReceiveFromISR
 .text.vQueueDelete
                0x000000000800693c       0x46 ./Middlewares/Third_Party/FreeRTOS/Source/queue.o
                0x000000000800693c                vQueueDelete
 .text.prvGetDisinheritPriorityAfterTimeout
                0x0000000008006982       0x2e ./Middlewares/Third_Party/FreeRTOS/Source/queue.o
 .text.prvCopyDataToQueue
                0x00000000080069b0       0xd4 ./Middlewares/Third_Party/FreeRTOS/Source/queue.o
 .text.prvCopyDataFromQueue
                0x0000000008006a84       0x4c ./Middlewares/Third_Party/FreeRTOS/Source/queue.o
 .text.prvUnlockQueue
                0x0000000008006ad0       0xa4 ./Middlewares/Third_Party/FreeRTOS/Source/queue.o
 .text.prvIsQueueEmpty
                0x0000000008006b74       0x2c ./Middlewares/Third_Party/FreeRTOS/Source/queue.o
 .text.prvIsQueueFull
                0x0000000008006ba0       0x30 ./Middlewares/Third_Party/FreeRTOS/Source/queue.o
 .text.vQueueAddToRegistry
                0x0000000008006bd0       0x50 ./Middlewares/Third_Party/FreeRTOS/Source/queue.o
                0x0000000008006bd0                vQueueAddToRegistry
 .text.vQueueUnregisterQueue
                0x0000000008006c20       0x54 ./Middlewares/Third_Party/FreeRTOS/Source/queue.o
                0x0000000008006c20                vQueueUnregisterQueue
 .text.vQueueWaitForMessageRestricted
                0x0000000008006c74       0x68 ./Middlewares/Third_Party/FreeRTOS/Source/queue.o
                0x0000000008006c74                vQueueWaitForMessageRestricted
 .text.xTaskCreateStatic
                0x0000000008006cdc       0xb8 ./Middlewares/Third_Party/FreeRTOS/Source/tasks.o
                0x0000000008006cdc                xTaskCreateStatic
 .text.xTaskCreate
                0x0000000008006d94       0x8a ./Middlewares/Third_Party/FreeRTOS/Source/tasks.o
                0x0000000008006d94                xTaskCreate
 *fill*         0x0000000008006e1e        0x2 
 .text.prvInitialiseNewTask
                0x0000000008006e20      0x13c ./Middlewares/Third_Party/FreeRTOS/Source/tasks.o
 .text.prvAddNewTaskToReadyList
                0x0000000008006f5c       0xe0 ./Middlewares/Third_Party/FreeRTOS/Source/tasks.o
 .text.vTaskDelay
                0x000000000800703c       0x68 ./Middlewares/Third_Party/FreeRTOS/Source/tasks.o
                0x000000000800703c                vTaskDelay
 .text.vTaskStartScheduler
                0x00000000080070a4       0xe0 ./Middlewares/Third_Party/FreeRTOS/Source/tasks.o
                0x00000000080070a4                vTaskStartScheduler
 .text.vTaskSuspendAll
                0x0000000008007184       0x1c ./Middlewares/Third_Party/FreeRTOS/Source/tasks.o
                0x0000000008007184                vTaskSuspendAll
 .text.xTaskResumeAll
                0x00000000080071a0      0x13c ./Middlewares/Third_Party/FreeRTOS/Source/tasks.o
                0x00000000080071a0                xTaskResumeAll
 .text.xTaskGetTickCount
                0x00000000080072dc       0x1c ./Middlewares/Third_Party/FreeRTOS/Source/tasks.o
                0x00000000080072dc                xTaskGetTickCount
 .text.xTaskIncrementTick
                0x00000000080072f8      0x17c ./Middlewares/Third_Party/FreeRTOS/Source/tasks.o
                0x00000000080072f8                xTaskIncrementTick
 .text.vTaskSwitchContext
                0x0000000008007474       0xc8 ./Middlewares/Third_Party/FreeRTOS/Source/tasks.o
                0x0000000008007474                vTaskSwitchContext
 .text.vTaskPlaceOnEventList
                0x000000000800753c       0x48 ./Middlewares/Third_Party/FreeRTOS/Source/tasks.o
                0x000000000800753c                vTaskPlaceOnEventList
 .text.vTaskPlaceOnEventListRestricted
                0x0000000008007584       0x58 ./Middlewares/Third_Party/FreeRTOS/Source/tasks.o
                0x0000000008007584                vTaskPlaceOnEventListRestricted
 .text.xTaskRemoveFromEventList
                0x00000000080075dc       0xc8 ./Middlewares/Third_Party/FreeRTOS/Source/tasks.o
                0x00000000080075dc                xTaskRemoveFromEventList
 .text.vTaskInternalSetTimeOutState
                0x00000000080076a4       0x2c ./Middlewares/Third_Party/FreeRTOS/Source/tasks.o
                0x00000000080076a4                vTaskInternalSetTimeOutState
 .text.xTaskCheckForTimeOut
                0x00000000080076d0       0xc4 ./Middlewares/Third_Party/FreeRTOS/Source/tasks.o
                0x00000000080076d0                xTaskCheckForTimeOut
 .text.vTaskMissedYield
                0x0000000008007794       0x18 ./Middlewares/Third_Party/FreeRTOS/Source/tasks.o
                0x0000000008007794                vTaskMissedYield
 .text.prvIdleTask
                0x00000000080077ac       0x30 ./Middlewares/Third_Party/FreeRTOS/Source/tasks.o
 .text.prvInitialiseTaskLists
                0x00000000080077dc       0x80 ./Middlewares/Third_Party/FreeRTOS/Source/tasks.o
 .text.prvCheckTasksWaitingTermination
                0x000000000800785c       0x5c ./Middlewares/Third_Party/FreeRTOS/Source/tasks.o
 .text.prvDeleteTCB
                0x00000000080078b8       0x68 ./Middlewares/Third_Party/FreeRTOS/Source/tasks.o
 .text.prvResetNextTaskUnblockTime
                0x0000000008007920       0x48 ./Middlewares/Third_Party/FreeRTOS/Source/tasks.o
 .text.xTaskGetSchedulerState
                0x0000000008007968       0x3c ./Middlewares/Third_Party/FreeRTOS/Source/tasks.o
                0x0000000008007968                xTaskGetSchedulerState
 .text.xTaskPriorityInherit
                0x00000000080079a4       0xdc ./Middlewares/Third_Party/FreeRTOS/Source/tasks.o
                0x00000000080079a4                xTaskPriorityInherit
 .text.xTaskPriorityDisinherit
                0x0000000008007a80       0xdc ./Middlewares/Third_Party/FreeRTOS/Source/tasks.o
                0x0000000008007a80                xTaskPriorityDisinherit
 .text.vTaskPriorityDisinheritAfterTimeout
                0x0000000008007b5c      0x10c ./Middlewares/Third_Party/FreeRTOS/Source/tasks.o
                0x0000000008007b5c                vTaskPriorityDisinheritAfterTimeout
 .text.pvTaskIncrementMutexHeldCount
                0x0000000008007c68       0x28 ./Middlewares/Third_Party/FreeRTOS/Source/tasks.o
                0x0000000008007c68                pvTaskIncrementMutexHeldCount
 .text.prvAddCurrentTaskToDelayedList
                0x0000000008007c90       0xa8 ./Middlewares/Third_Party/FreeRTOS/Source/tasks.o
 .text.xTimerCreateTimerTask
                0x0000000008007d38       0x90 ./Middlewares/Third_Party/FreeRTOS/Source/timers.o
                0x0000000008007d38                xTimerCreateTimerTask
 .text.xTimerCreate
                0x0000000008007dc8       0x42 ./Middlewares/Third_Party/FreeRTOS/Source/timers.o
                0x0000000008007dc8                xTimerCreate
 .text.xTimerCreateStatic
                0x0000000008007e0a       0x7a ./Middlewares/Third_Party/FreeRTOS/Source/timers.o
                0x0000000008007e0a                xTimerCreateStatic
 .text.prvInitialiseNewTimer
                0x0000000008007e84       0x64 ./Middlewares/Third_Party/FreeRTOS/Source/timers.o
 .text.xTimerGenericCommand
                0x0000000008007ee8       0x9c ./Middlewares/Third_Party/FreeRTOS/Source/timers.o
                0x0000000008007ee8                xTimerGenericCommand
 .text.prvProcessExpiredTimer
                0x0000000008007f84       0x80 ./Middlewares/Third_Party/FreeRTOS/Source/timers.o
 .text.prvTimerTask
                0x0000000008008004       0x24 ./Middlewares/Third_Party/FreeRTOS/Source/timers.o
 .text.prvProcessTimerOrBlockTask
                0x0000000008008028       0x9c ./Middlewares/Third_Party/FreeRTOS/Source/timers.o
 .text.prvGetNextExpireTime
                0x00000000080080c4       0x48 ./Middlewares/Third_Party/FreeRTOS/Source/timers.o
 .text.prvSampleTimeNow
                0x000000000800810c       0x40 ./Middlewares/Third_Party/FreeRTOS/Source/timers.o
 .text.prvInsertTimerInActiveList
                0x000000000800814c       0x84 ./Middlewares/Third_Party/FreeRTOS/Source/timers.o
 .text.prvProcessReceivedCommands
                0x00000000080081d0      0x168 ./Middlewares/Third_Party/FreeRTOS/Source/timers.o
 .text.prvSwitchTimerLists
                0x0000000008008338       0xc4 ./Middlewares/Third_Party/FreeRTOS/Source/timers.o
 .text.prvCheckForValidListAndQueue
                0x00000000080083fc       0x80 ./Middlewares/Third_Party/FreeRTOS/Source/timers.o
 .text.pvTimerGetTimerID
                0x000000000800847c       0x40 ./Middlewares/Third_Party/FreeRTOS/Source/timers.o
                0x000000000800847c                pvTimerGetTimerID
 .text.pxPortInitialiseStack
                0x00000000080084bc       0x58 ./Middlewares/Third_Party/FreeRTOS/Source/portable/GCC/ARM_CM3/port.o
                0x00000000080084bc                pxPortInitialiseStack
 .text.prvTaskExitError
                0x0000000008008514       0x58 ./Middlewares/Third_Party/FreeRTOS/Source/portable/GCC/ARM_CM3/port.o
 *fill*         0x000000000800856c        0x4 
 .text.SVC_Handler
                0x0000000008008570       0x28 ./Middlewares/Third_Party/FreeRTOS/Source/portable/GCC/ARM_CM3/port.o
                0x0000000008008570                SVC_Handler
 .text.prvPortStartFirstTask
                0x0000000008008598       0x20 ./Middlewares/Third_Party/FreeRTOS/Source/portable/GCC/ARM_CM3/port.o
 .text.xPortStartScheduler
                0x00000000080085b8       0xe4 ./Middlewares/Third_Party/FreeRTOS/Source/portable/GCC/ARM_CM3/port.o
                0x00000000080085b8                xPortStartScheduler
 .text.vPortEnterCritical
                0x000000000800869c       0x60 ./Middlewares/Third_Party/FreeRTOS/Source/portable/GCC/ARM_CM3/port.o
                0x000000000800869c                vPortEnterCritical
 .text.vPortExitCritical
                0x00000000080086fc       0x50 ./Middlewares/Third_Party/FreeRTOS/Source/portable/GCC/ARM_CM3/port.o
                0x00000000080086fc                vPortExitCritical
 *fill*         0x000000000800874c        0x4 
 .text.PendSV_Handler
                0x0000000008008750       0x48 ./Middlewares/Third_Party/FreeRTOS/Source/portable/GCC/ARM_CM3/port.o
                0x0000000008008750                PendSV_Handler
 .text.SysTick_Handler
                0x0000000008008798       0x44 ./Middlewares/Third_Party/FreeRTOS/Source/portable/GCC/ARM_CM3/port.o
                0x0000000008008798                SysTick_Handler
 .text.vPortSetupTimerInterrupt
                0x00000000080087dc       0x44 ./Middlewares/Third_Party/FreeRTOS/Source/portable/GCC/ARM_CM3/port.o
                0x00000000080087dc                vPortSetupTimerInterrupt
 .text.vPortValidateInterruptPriority
                0x0000000008008820       0x7c ./Middlewares/Third_Party/FreeRTOS/Source/portable/GCC/ARM_CM3/port.o
                0x0000000008008820                vPortValidateInterruptPriority
 .text.pvPortMalloc
                0x000000000800889c      0x188 ./Middlewares/Third_Party/FreeRTOS/Source/portable/MemMang/heap_4.o
                0x000000000800889c                pvPortMalloc
 .text.vPortFree
                0x0000000008008a24       0xb4 ./Middlewares/Third_Party/FreeRTOS/Source/portable/MemMang/heap_4.o
                0x0000000008008a24                vPortFree
 .text.prvHeapInit
                0x0000000008008ad8       0xc4 ./Middlewares/Third_Party/FreeRTOS/Source/portable/MemMang/heap_4.o
 .text.prvInsertBlockIntoFreeList
                0x0000000008008b9c       0xb0 ./Middlewares/Third_Party/FreeRTOS/Source/portable/MemMang/heap_4.o
 .text.__libc_init_array
                0x0000000008008c4c       0x48 c:/st/stm32cubeide_1.12.1/stm32cubeide/plugins/com.st.stm32cube.ide.mcu.externaltools.gnu-tools-for-stm32.10.3-2021.10.win32_1.0.200.202301161003/tools/bin/../lib/gcc/arm-none-eabi/10.3.1/../../../../arm-none-eabi/lib/thumb/v7-m/nofp\libc_nano.a(lib_a-init.o)
                0x0000000008008c4c                __libc_init_array
 .text.memcpy   0x0000000008008c94       0x1c c:/st/stm32cubeide_1.12.1/stm32cubeide/plugins/com.st.stm32cube.ide.mcu.externaltools.gnu-tools-for-stm32.10.3-2021.10.win32_1.0.200.202301161003/tools/bin/../lib/gcc/arm-none-eabi/10.3.1/../../../../arm-none-eabi/lib/thumb/v7-m/nofp\libc_nano.a(lib_a-memcpy-stub.o)
                0x0000000008008c94                memcpy
 .text.memset   0x0000000008008cb0       0x10 c:/st/stm32cubeide_1.12.1/stm32cubeide/plugins/com.st.stm32cube.ide.mcu.externaltools.gnu-tools-for-stm32.10.3-2021.10.win32_1.0.200.202301161003/tools/bin/../lib/gcc/arm-none-eabi/10.3.1/../../../../arm-none-eabi/lib/thumb/v7-m/nofp\libc_nano.a(lib_a-memset.o)
                0x0000000008008cb0                memset
 .text._free_r  0x0000000008008cc0       0x90 c:/st/stm32cubeide_1.12.1/stm32cubeide/plugins/com.st.stm32cube.ide.mcu.externaltools.gnu-tools-for-stm32.10.3-2021.10.win32_1.0.200.202301161003/tools/bin/../lib/gcc/arm-none-eabi/10.3.1/../../../../arm-none-eabi/lib/thumb/v7-m/nofp\libc_nano.a(lib_a-nano-freer.o)
                0x0000000008008cc0                _free_r
 .text.cleanup_glue
                0x0000000008008d50       0x1a c:/st/stm32cubeide_1.12.1/stm32cubeide/plugins/com.st.stm32cube.ide.mcu.externaltools.gnu-tools-for-stm32.10.3-2021.10.win32_1.0.200.202301161003/tools/bin/../lib/gcc/arm-none-eabi/10.3.1/../../../../arm-none-eabi/lib/thumb/v7-m/nofp\libc_nano.a(lib_a-reent.o)
                0x0000000008008d50                cleanup_glue
 *fill*         0x0000000008008d6a        0x2 
 .text._reclaim_reent
                0x0000000008008d6c       0xb8 c:/st/stm32cubeide_1.12.1/stm32cubeide/plugins/com.st.stm32cube.ide.mcu.externaltools.gnu-tools-for-stm32.10.3-2021.10.win32_1.0.200.202301161003/tools/bin/../lib/gcc/arm-none-eabi/10.3.1/../../../../arm-none-eabi/lib/thumb/v7-m/nofp\libc_nano.a(lib_a-reent.o)
                0x0000000008008d6c                _reclaim_reent
 .text.__malloc_lock
                0x0000000008008e24        0xc c:/st/stm32cubeide_1.12.1/stm32cubeide/plugins/com.st.stm32cube.ide.mcu.externaltools.gnu-tools-for-stm32.10.3-2021.10.win32_1.0.200.202301161003/tools/bin/../lib/gcc/arm-none-eabi/10.3.1/../../../../arm-none-eabi/lib/thumb/v7-m/nofp\libc_nano.a(lib_a-mlock.o)
                0x0000000008008e24                __malloc_lock
 .text.__malloc_unlock
                0x0000000008008e30        0xc c:/st/stm32cubeide_1.12.1/stm32cubeide/plugins/com.st.stm32cube.ide.mcu.externaltools.gnu-tools-for-stm32.10.3-2021.10.win32_1.0.200.202301161003/tools/bin/../lib/gcc/arm-none-eabi/10.3.1/../../../../arm-none-eabi/lib/thumb/v7-m/nofp\libc_nano.a(lib_a-mlock.o)
                0x0000000008008e30                __malloc_unlock
 *(.glue_7)
 .glue_7        0x0000000008008e3c        0x0 linker stubs
 *(.glue_7t)
 .glue_7t       0x0000000008008e3c        0x0 linker stubs
 *(.eh_frame)
 .eh_frame      0x0000000008008e3c        0x0 c:/st/stm32cubeide_1.12.1/stm32cubeide/plugins/com.st.stm32cube.ide.mcu.externaltools.gnu-tools-for-stm32.10.3-2021.10.win32_1.0.200.202301161003/tools/bin/../lib/gcc/arm-none-eabi/10.3.1/thumb/v7-m/nofp/crtbegin.o
 *(.init)
 .init          0x0000000008008e3c        0x4 c:/st/stm32cubeide_1.12.1/stm32cubeide/plugins/com.st.stm32cube.ide.mcu.externaltools.gnu-tools-for-stm32.10.3-2021.10.win32_1.0.200.202301161003/tools/bin/../lib/gcc/arm-none-eabi/10.3.1/thumb/v7-m/nofp/crti.o
                0x0000000008008e3c                _init
 .init          0x0000000008008e40        0x8 c:/st/stm32cubeide_1.12.1/stm32cubeide/plugins/com.st.stm32cube.ide.mcu.externaltools.gnu-tools-for-stm32.10.3-2021.10.win32_1.0.200.202301161003/tools/bin/../lib/gcc/arm-none-eabi/10.3.1/thumb/v7-m/nofp/crtn.o
 *(.fini)
 .fini          0x0000000008008e48        0x4 c:/st/stm32cubeide_1.12.1/stm32cubeide/plugins/com.st.stm32cube.ide.mcu.externaltools.gnu-tools-for-stm32.10.3-2021.10.win32_1.0.200.202301161003/tools/bin/../lib/gcc/arm-none-eabi/10.3.1/thumb/v7-m/nofp/crti.o
                0x0000000008008e48                _fini
 .fini          0x0000000008008e4c        0x8 c:/st/stm32cubeide_1.12.1/stm32cubeide/plugins/com.st.stm32cube.ide.mcu.externaltools.gnu-tools-for-stm32.10.3-2021.10.win32_1.0.200.202301161003/tools/bin/../lib/gcc/arm-none-eabi/10.3.1/thumb/v7-m/nofp/crtn.o
                0x0000000008008e54                . = ALIGN (0x4)
                0x0000000008008e54                _etext = .

.vfp11_veneer   0x0000000008008e54        0x0
 .vfp11_veneer  0x0000000008008e54        0x0 linker stubs

.v4_bx          0x0000000008008e54        0x0
 .v4_bx         0x0000000008008e54        0x0 linker stubs

.iplt           0x0000000008008e54        0x0
 .iplt          0x0000000008008e54        0x0 c:/st/stm32cubeide_1.12.1/stm32cubeide/plugins/com.st.stm32cube.ide.mcu.externaltools.gnu-tools-for-stm32.10.3-2021.10.win32_1.0.200.202301161003/tools/bin/../lib/gcc/arm-none-eabi/10.3.1/thumb/v7-m/nofp/crtbegin.o

.rodata         0x0000000008008e54      0x380
                0x0000000008008e54                . = ALIGN (0x4)
 *(.rodata)
 .rodata        0x0000000008008e54       0x27 ./Core/Src/freertos.o
 *fill*         0x0000000008008e7b        0x1 
 .rodata        0x0000000008008e7c        0x5 ./Middlewares/Third_Party/FreeRTOS/Source/tasks.o
 *fill*         0x0000000008008e81        0x3 
 .rodata        0x0000000008008e84        0xd ./Middlewares/Third_Party/FreeRTOS/Source/timers.o
 *(.rodata*)
 *fill*         0x0000000008008e91        0x3 
 .rodata.Task01_attributes
                0x0000000008008e94       0x24 ./Core/Src/freertos.o
                0x0000000008008e94                Task01_attributes
 .rodata.Task02_attributes
                0x0000000008008eb8       0x24 ./Core/Src/freertos.o
                0x0000000008008eb8                Task02_attributes
 .rodata.Task03_attributes
                0x0000000008008edc       0x24 ./Core/Src/freertos.o
                0x0000000008008edc                Task03_attributes
 .rodata.Task04_attributes
                0x0000000008008f00       0x24 ./Core/Src/freertos.o
                0x0000000008008f00                Task04_attributes
 .rodata.Task05_attributes
                0x0000000008008f24       0x24 ./Core/Src/freertos.o
                0x0000000008008f24                Task05_attributes
 .rodata.AHBPrescTable
                0x0000000008008f48       0x10 ./Core/Src/system_stm32f1xx.o
                0x0000000008008f48                AHBPrescTable
 .rodata.APBPrescTable
                0x0000000008008f58        0x8 ./Core/Src/system_stm32f1xx.o
                0x0000000008008f58                APBPrescTable
 .rodata.aPLLMULFactorTable.1
                0x0000000008008f60       0x10 ./Drivers/STM32F1xx_HAL_Driver/Src/stm32f1xx_hal_rcc.o
 .rodata.aPredivFactorTable.0
                0x0000000008008f70        0x2 ./Drivers/STM32F1xx_HAL_Driver/Src/stm32f1xx_hal_rcc.o
 *fill*         0x0000000008008f72        0x2 
 .rodata.crc_hi
                0x0000000008008f74      0x100 ./Middlewares/Modbus_RTU/mb_slave.o
 .rodata.crc_lo
                0x0000000008009074      0x100 ./Middlewares/Modbus_RTU/mb_slave.o
 .rodata.__sf_fake_stderr
                0x0000000008009174       0x20 c:/st/stm32cubeide_1.12.1/stm32cubeide/plugins/com.st.stm32cube.ide.mcu.externaltools.gnu-tools-for-stm32.10.3-2021.10.win32_1.0.200.202301161003/tools/bin/../lib/gcc/arm-none-eabi/10.3.1/../../../../arm-none-eabi/lib/thumb/v7-m/nofp\libc_nano.a(lib_a-findfp.o)
                0x0000000008009174                __sf_fake_stderr
 .rodata.__sf_fake_stdin
                0x0000000008009194       0x20 c:/st/stm32cubeide_1.12.1/stm32cubeide/plugins/com.st.stm32cube.ide.mcu.externaltools.gnu-tools-for-stm32.10.3-2021.10.win32_1.0.200.202301161003/tools/bin/../lib/gcc/arm-none-eabi/10.3.1/../../../../arm-none-eabi/lib/thumb/v7-m/nofp\libc_nano.a(lib_a-findfp.o)
                0x0000000008009194                __sf_fake_stdin
 .rodata.__sf_fake_stdout
                0x00000000080091b4       0x20 c:/st/stm32cubeide_1.12.1/stm32cubeide/plugins/com.st.stm32cube.ide.mcu.externaltools.gnu-tools-for-stm32.10.3-2021.10.win32_1.0.200.202301161003/tools/bin/../lib/gcc/arm-none-eabi/10.3.1/../../../../arm-none-eabi/lib/thumb/v7-m/nofp\libc_nano.a(lib_a-findfp.o)
                0x00000000080091b4                __sf_fake_stdout
                0x00000000080091d4                . = ALIGN (0x4)

.rel.dyn        0x00000000080091d4        0x0
 .rel.iplt      0x00000000080091d4        0x0 c:/st/stm32cubeide_1.12.1/stm32cubeide/plugins/com.st.stm32cube.ide.mcu.externaltools.gnu-tools-for-stm32.10.3-2021.10.win32_1.0.200.202301161003/tools/bin/../lib/gcc/arm-none-eabi/10.3.1/thumb/v7-m/nofp/crtbegin.o

.ARM.extab      0x00000000080091d4        0x0
                0x00000000080091d4                . = ALIGN (0x4)
 *(.ARM.extab* .gnu.linkonce.armextab.*)
                0x00000000080091d4                . = ALIGN (0x4)

.ARM            0x00000000080091d4        0x0
                0x00000000080091d4                . = ALIGN (0x4)
                0x00000000080091d4                __exidx_start = .
 *(.ARM.exidx*)
                0x00000000080091d4                __exidx_end = .
                0x00000000080091d4                . = ALIGN (0x4)

.preinit_array  0x00000000080091d4        0x0
                0x00000000080091d4                . = ALIGN (0x4)
                0x00000000080091d4                PROVIDE (__preinit_array_start = .)
 *(.preinit_array*)
                0x00000000080091d4                PROVIDE (__preinit_array_end = .)
                0x00000000080091d4                . = ALIGN (0x4)

.init_array     0x00000000080091d4        0x4
                0x00000000080091d4                . = ALIGN (0x4)
                0x00000000080091d4                PROVIDE (__init_array_start = .)
 *(SORT_BY_NAME(.init_array.*))
 *(.init_array*)
 .init_array    0x00000000080091d4        0x4 c:/st/stm32cubeide_1.12.1/stm32cubeide/plugins/com.st.stm32cube.ide.mcu.externaltools.gnu-tools-for-stm32.10.3-2021.10.win32_1.0.200.202301161003/tools/bin/../lib/gcc/arm-none-eabi/10.3.1/thumb/v7-m/nofp/crtbegin.o
                0x00000000080091d8                PROVIDE (__init_array_end = .)
                0x00000000080091d8                . = ALIGN (0x4)

.fini_array     0x00000000080091d8        0x4
                0x00000000080091d8                . = ALIGN (0x4)
                [!provide]                        PROVIDE (__fini_array_start = .)
 *(SORT_BY_NAME(.fini_array.*))
 *(.fini_array*)
 .fini_array    0x00000000080091d8        0x4 c:/st/stm32cubeide_1.12.1/stm32cubeide/plugins/com.st.stm32cube.ide.mcu.externaltools.gnu-tools-for-stm32.10.3-2021.10.win32_1.0.200.202301161003/tools/bin/../lib/gcc/arm-none-eabi/10.3.1/thumb/v7-m/nofp/crtbegin.o
                [!provide]                        PROVIDE (__fini_array_end = .)
                0x00000000080091dc                . = ALIGN (0x4)
                0x00000000080091dc                _sidata = LOADADDR (.data)

.data           0x0000000020000000      0x100 load address 0x00000000080091dc
                0x0000000020000000                . = ALIGN (0x4)
                0x0000000020000000                _sdata = .
 *(.data)
 *(.data*)
 .data.SystemCoreClock
                0x0000000020000000        0x4 ./Core/Src/system_stm32f1xx.o
                0x0000000020000000                SystemCoreClock
 .data.port     0x0000000020000004       0x18 ./Csro/fnd_com/fnd_com.o
                0x0000000020000004                port
 .data.key_port
                0x000000002000001c        0xc ./Csro/fnd_input/fnd_input.o
                0x000000002000001c                key_port
 .data.key_pin  0x0000000020000028        0x6 ./Csro/fnd_input/fnd_input.o
                0x0000000020000028                key_pin
 *fill*         0x000000002000002e        0x2 
 .data.di_port  0x0000000020000030       0x40 ./Csro/fnd_input/fnd_input.o
                0x0000000020000030                di_port
 .data.di_pin   0x0000000020000070       0x20 ./Csro/fnd_input/fnd_input.o
                0x0000000020000070                di_pin
 .data.uwTickPrio
                0x0000000020000090        0x4 ./Drivers/STM32F1xx_HAL_Driver/Src/stm32f1xx_hal.o
                0x0000000020000090                uwTickPrio
 .data.uwTickFreq
                0x0000000020000094        0x1 ./Drivers/STM32F1xx_HAL_Driver/Src/stm32f1xx_hal.o
                0x0000000020000094                uwTickFreq
 *fill*         0x0000000020000095        0x3 
 .data.uxCriticalNesting
                0x0000000020000098        0x4 ./Middlewares/Third_Party/FreeRTOS/Source/portable/GCC/ARM_CM3/port.o
 .data._impure_ptr
                0x000000002000009c        0x4 c:/st/stm32cubeide_1.12.1/stm32cubeide/plugins/com.st.stm32cube.ide.mcu.externaltools.gnu-tools-for-stm32.10.3-2021.10.win32_1.0.200.202301161003/tools/bin/../lib/gcc/arm-none-eabi/10.3.1/../../../../arm-none-eabi/lib/thumb/v7-m/nofp\libc_nano.a(lib_a-impure.o)
                0x000000002000009c                _impure_ptr
 .data.impure_data
                0x00000000200000a0       0x60 c:/st/stm32cubeide_1.12.1/stm32cubeide/plugins/com.st.stm32cube.ide.mcu.externaltools.gnu-tools-for-stm32.10.3-2021.10.win32_1.0.200.202301161003/tools/bin/../lib/gcc/arm-none-eabi/10.3.1/../../../../arm-none-eabi/lib/thumb/v7-m/nofp\libc_nano.a(lib_a-impure.o)
 *(.RamFunc)
 *(.RamFunc*)
                0x0000000020000100                . = ALIGN (0x4)
                0x0000000020000100                _edata = .

.igot.plt       0x0000000020000100        0x0 load address 0x00000000080092dc
 .igot.plt      0x0000000020000100        0x0 c:/st/stm32cubeide_1.12.1/stm32cubeide/plugins/com.st.stm32cube.ide.mcu.externaltools.gnu-tools-for-stm32.10.3-2021.10.win32_1.0.200.202301161003/tools/bin/../lib/gcc/arm-none-eabi/10.3.1/thumb/v7-m/nofp/crtbegin.o
                0x0000000020000100                . = ALIGN (0x4)

.bss            0x0000000020000100     0x2b64 load address 0x00000000080092dc
                0x0000000020000100                _sbss = .
                0x0000000020000100                __bss_start__ = _sbss
 *(.bss)
 .bss           0x0000000020000100       0x1c c:/st/stm32cubeide_1.12.1/stm32cubeide/plugins/com.st.stm32cube.ide.mcu.externaltools.gnu-tools-for-stm32.10.3-2021.10.win32_1.0.200.202301161003/tools/bin/../lib/gcc/arm-none-eabi/10.3.1/thumb/v7-m/nofp/crtbegin.o
 *(.bss*)
 .bss.Task01Handle
                0x000000002000011c        0x4 ./Core/Src/freertos.o
                0x000000002000011c                Task01Handle
 .bss.Task02Handle
                0x0000000020000120        0x4 ./Core/Src/freertos.o
                0x0000000020000120                Task02Handle
 .bss.Task03Handle
                0x0000000020000124        0x4 ./Core/Src/freertos.o
                0x0000000020000124                Task03Handle
 .bss.Task04Handle
                0x0000000020000128        0x4 ./Core/Src/freertos.o
                0x0000000020000128                Task04Handle
 .bss.Task05Handle
                0x000000002000012c        0x4 ./Core/Src/freertos.o
                0x000000002000012c                Task05Handle
 .bss.htim8     0x0000000020000130       0x48 ./Core/Src/stm32f1xx_hal_timebase_tim.o
                0x0000000020000130                htim8
 .bss.htim2     0x0000000020000178       0x48 ./Core/Src/tim.o
                0x0000000020000178                htim2
 .bss.htim3     0x00000000200001c0       0x48 ./Core/Src/tim.o
                0x00000000200001c0                htim3
 .bss.hdma_tim2_up
                0x0000000020000208       0x44 ./Core/Src/tim.o
                0x0000000020000208                hdma_tim2_up
 .bss.huart1    0x000000002000024c       0x48 ./Core/Src/usart.o
                0x000000002000024c                huart1
 .bss.huart2    0x0000000020000294       0x48 ./Core/Src/usart.o
                0x0000000020000294                huart2
 .bss.hdma_usart1_rx
                0x00000000200002dc       0x44 ./Core/Src/usart.o
                0x00000000200002dc                hdma_usart1_rx
 .bss.hdma_usart1_tx
                0x0000000020000320       0x44 ./Core/Src/usart.o
                0x0000000020000320                hdma_usart1_tx
 .bss.hdma_usart2_rx
                0x0000000020000364       0x44 ./Core/Src/usart.o
                0x0000000020000364                hdma_usart2_rx
 .bss.hdma_usart2_tx
                0x00000000200003a8       0x44 ./Core/Src/usart.o
                0x00000000200003a8                hdma_usart2_tx
 .bss.__lock___malloc_recursive_mutex
                0x00000000200003ec        0xc ./Core/ThreadSafe/newlib_lock_glue.o
                0x00000000200003ec                __lock___malloc_recursive_mutex
 .bss.sys_regs  0x00000000200003f8      0x1a0 ./Csro/fnd_com/fnd_com.o
                0x00000000200003f8                sys_regs
 .bss.slaves    0x0000000020000598      0x440 ./Csro/fnd_com/fnd_com.o
                0x0000000020000598                slaves
 .bss.ee_ram    0x00000000200009d8      0x400 ./Csro/fnd_flash/ee.o
                0x00000000200009d8                ee_ram
 .bss.rf_cmd    0x0000000020000dd8       0x50 ./Csro/fnd_rf433/fnd_rf433.o
                0x0000000020000dd8                rf_cmd
 .bss.cmd_idx   0x0000000020000e28        0x1 ./Csro/fnd_rf433/fnd_rf433.o
                0x0000000020000e28                cmd_idx
 .bss.rf_data_valid.2
                0x0000000020000e29        0x1 ./Csro/fnd_rf433/fnd_rf433.o
 .bss.rf_data_idx.1
                0x0000000020000e2a        0x1 ./Csro/fnd_rf433/fnd_rf433.o
 *fill*         0x0000000020000e2b        0x1 
 .bss.rf_data.0
                0x0000000020000e2c       0x28 ./Csro/fnd_rf433/fnd_rf433.o
 .bss.uwTick    0x0000000020000e54        0x4 ./Drivers/STM32F1xx_HAL_Driver/Src/stm32f1xx_hal.o
                0x0000000020000e54                uwTick
 .bss.KernelState
                0x0000000020000e58        0x4 ./Middlewares/Third_Party/FreeRTOS/Source/CMSIS_RTOS_V2/cmsis_os2.o
 .bss.Idle_TCB  0x0000000020000e5c       0xbc ./Middlewares/Third_Party/FreeRTOS/Source/CMSIS_RTOS_V2/cmsis_os2.o
 .bss.Idle_Stack
                0x0000000020000f18      0x200 ./Middlewares/Third_Party/FreeRTOS/Source/CMSIS_RTOS_V2/cmsis_os2.o
 .bss.Timer_TCB
                0x0000000020001118       0xbc ./Middlewares/Third_Party/FreeRTOS/Source/CMSIS_RTOS_V2/cmsis_os2.o
 .bss.Timer_Stack
                0x00000000200011d4      0x400 ./Middlewares/Third_Party/FreeRTOS/Source/CMSIS_RTOS_V2/cmsis_os2.o
 .bss.xQueueRegistry
                0x00000000200015d4       0x40 ./Middlewares/Third_Party/FreeRTOS/Source/queue.o
                0x00000000200015d4                xQueueRegistry
 .bss.pxCurrentTCB
                0x0000000020001614        0x4 ./Middlewares/Third_Party/FreeRTOS/Source/tasks.o
                0x0000000020001614                pxCurrentTCB
 .bss.pxReadyTasksLists
                0x0000000020001618      0x460 ./Middlewares/Third_Party/FreeRTOS/Source/tasks.o
 .bss.xDelayedTaskList1
                0x0000000020001a78       0x14 ./Middlewares/Third_Party/FreeRTOS/Source/tasks.o
 .bss.xDelayedTaskList2
                0x0000000020001a8c       0x14 ./Middlewares/Third_Party/FreeRTOS/Source/tasks.o
 .bss.pxDelayedTaskList
                0x0000000020001aa0        0x4 ./Middlewares/Third_Party/FreeRTOS/Source/tasks.o
 .bss.pxOverflowDelayedTaskList
                0x0000000020001aa4        0x4 ./Middlewares/Third_Party/FreeRTOS/Source/tasks.o
 .bss.xPendingReadyList
                0x0000000020001aa8       0x14 ./Middlewares/Third_Party/FreeRTOS/Source/tasks.o
 .bss.xTasksWaitingTermination
                0x0000000020001abc       0x14 ./Middlewares/Third_Party/FreeRTOS/Source/tasks.o
 .bss.uxDeletedTasksWaitingCleanUp
                0x0000000020001ad0        0x4 ./Middlewares/Third_Party/FreeRTOS/Source/tasks.o
 .bss.xSuspendedTaskList
                0x0000000020001ad4       0x14 ./Middlewares/Third_Party/FreeRTOS/Source/tasks.o
 .bss.uxCurrentNumberOfTasks
                0x0000000020001ae8        0x4 ./Middlewares/Third_Party/FreeRTOS/Source/tasks.o
 .bss.xTickCount
                0x0000000020001aec        0x4 ./Middlewares/Third_Party/FreeRTOS/Source/tasks.o
 .bss.uxTopReadyPriority
                0x0000000020001af0        0x4 ./Middlewares/Third_Party/FreeRTOS/Source/tasks.o
 .bss.xSchedulerRunning
                0x0000000020001af4        0x4 ./Middlewares/Third_Party/FreeRTOS/Source/tasks.o
 .bss.uxPendedTicks
                0x0000000020001af8        0x4 ./Middlewares/Third_Party/FreeRTOS/Source/tasks.o
 .bss.xYieldPending
                0x0000000020001afc        0x4 ./Middlewares/Third_Party/FreeRTOS/Source/tasks.o
 .bss.xNumOfOverflows
                0x0000000020001b00        0x4 ./Middlewares/Third_Party/FreeRTOS/Source/tasks.o
 .bss.uxTaskNumber
                0x0000000020001b04        0x4 ./Middlewares/Third_Party/FreeRTOS/Source/tasks.o
 .bss.xNextTaskUnblockTime
                0x0000000020001b08        0x4 ./Middlewares/Third_Party/FreeRTOS/Source/tasks.o
 .bss.xIdleTaskHandle
                0x0000000020001b0c        0x4 ./Middlewares/Third_Party/FreeRTOS/Source/tasks.o
 .bss.uxSchedulerSuspended
                0x0000000020001b10        0x4 ./Middlewares/Third_Party/FreeRTOS/Source/tasks.o
 .bss.xActiveTimerList1
                0x0000000020001b14       0x14 ./Middlewares/Third_Party/FreeRTOS/Source/timers.o
 .bss.xActiveTimerList2
                0x0000000020001b28       0x14 ./Middlewares/Third_Party/FreeRTOS/Source/timers.o
 .bss.pxCurrentTimerList
                0x0000000020001b3c        0x4 ./Middlewares/Third_Party/FreeRTOS/Source/timers.o
 .bss.pxOverflowTimerList
                0x0000000020001b40        0x4 ./Middlewares/Third_Party/FreeRTOS/Source/timers.o
 .bss.xTimerQueue
                0x0000000020001b44        0x4 ./Middlewares/Third_Party/FreeRTOS/Source/timers.o
 .bss.xTimerTaskHandle
                0x0000000020001b48        0x4 ./Middlewares/Third_Party/FreeRTOS/Source/timers.o
 .bss.xLastTime.2
                0x0000000020001b4c        0x4 ./Middlewares/Third_Party/FreeRTOS/Source/timers.o
 .bss.ucStaticTimerQueueStorage.1
                0x0000000020001b50       0xa0 ./Middlewares/Third_Party/FreeRTOS/Source/timers.o
 .bss.xStaticTimerQueue.0
                0x0000000020001bf0       0x50 ./Middlewares/Third_Party/FreeRTOS/Source/timers.o
 .bss.ucMaxSysCallPriority
                0x0000000020001c40        0x1 ./Middlewares/Third_Party/FreeRTOS/Source/portable/GCC/ARM_CM3/port.o
 *fill*         0x0000000020001c41        0x3 
 .bss.ulMaxPRIGROUPValue
                0x0000000020001c44        0x4 ./Middlewares/Third_Party/FreeRTOS/Source/portable/GCC/ARM_CM3/port.o
 .bss.ucHeap    0x0000000020001c48     0x1000 ./Middlewares/Third_Party/FreeRTOS/Source/portable/MemMang/heap_4.o
 .bss.xStart    0x0000000020002c48        0x8 ./Middlewares/Third_Party/FreeRTOS/Source/portable/MemMang/heap_4.o
 .bss.pxEnd     0x0000000020002c50        0x4 ./Middlewares/Third_Party/FreeRTOS/Source/portable/MemMang/heap_4.o
 .bss.xFreeBytesRemaining
                0x0000000020002c54        0x4 ./Middlewares/Third_Party/FreeRTOS/Source/portable/MemMang/heap_4.o
 .bss.xMinimumEverFreeBytesRemaining
                0x0000000020002c58        0x4 ./Middlewares/Third_Party/FreeRTOS/Source/portable/MemMang/heap_4.o
 .bss.xBlockAllocatedBit
                0x0000000020002c5c        0x4 ./Middlewares/Third_Party/FreeRTOS/Source/portable/MemMang/heap_4.o
 .bss.__malloc_free_list
                0x0000000020002c60        0x4 c:/st/stm32cubeide_1.12.1/stm32cubeide/plugins/com.st.stm32cube.ide.mcu.externaltools.gnu-tools-for-stm32.10.3-2021.10.win32_1.0.200.202301161003/tools/bin/../lib/gcc/arm-none-eabi/10.3.1/../../../../arm-none-eabi/lib/thumb/v7-m/nofp\libc_nano.a(lib_a-nano-mallocr.o)
                0x0000000020002c60                __malloc_free_list
 *(COMMON)
                0x0000000020002c64                . = ALIGN (0x4)
                0x0000000020002c64                _ebss = .
                0x0000000020002c64                __bss_end__ = _ebss

._user_heap_stack
                0x0000000020002c64     0x1004 load address 0x00000000080092dc
                0x0000000020002c68                . = ALIGN (0x8)
 *fill*         0x0000000020002c64        0x4 
                [!provide]                        PROVIDE (end = .)
                0x0000000020002c68                PROVIDE (_end = .)
                0x0000000020003468                . = (. + _Min_Heap_Size)
 *fill*         0x0000000020002c68      0x800 
                0x0000000020003c68                . = (. + _Min_Stack_Size)
 *fill*         0x0000000020003468      0x800 
                0x0000000020003c68                . = ALIGN (0x8)

/DISCARD/
 libc.a(*)
 libm.a(*)
 libgcc.a(*)

.ARM.attributes
                0x0000000000000000       0x29
 *(.ARM.attributes)
 .ARM.attributes
                0x0000000000000000       0x1d c:/st/stm32cubeide_1.12.1/stm32cubeide/plugins/com.st.stm32cube.ide.mcu.externaltools.gnu-tools-for-stm32.10.3-2021.10.win32_1.0.200.202301161003/tools/bin/../lib/gcc/arm-none-eabi/10.3.1/thumb/v7-m/nofp/crti.o
 .ARM.attributes
                0x000000000000001d       0x2d c:/st/stm32cubeide_1.12.1/stm32cubeide/plugins/com.st.stm32cube.ide.mcu.externaltools.gnu-tools-for-stm32.10.3-2021.10.win32_1.0.200.202301161003/tools/bin/../lib/gcc/arm-none-eabi/10.3.1/thumb/v7-m/nofp/crtbegin.o
 .ARM.attributes
                0x000000000000004a       0x2d ./Core/Src/dma.o
 .ARM.attributes
                0x0000000000000077       0x2d ./Core/Src/freertos.o
 .ARM.attributes
                0x00000000000000a4       0x2d ./Core/Src/gpio.o
 .ARM.attributes
                0x00000000000000d1       0x2d ./Core/Src/main.o
 .ARM.attributes
                0x00000000000000fe       0x2d ./Core/Src/stm32f1xx_hal_msp.o
 .ARM.attributes
                0x000000000000012b       0x2d ./Core/Src/stm32f1xx_hal_timebase_tim.o
 .ARM.attributes
                0x0000000000000158       0x2d ./Core/Src/stm32f1xx_it.o
 .ARM.attributes
                0x0000000000000185       0x2d ./Core/Src/system_stm32f1xx.o
 .ARM.attributes
                0x00000000000001b2       0x2d ./Core/Src/tim.o
 .ARM.attributes
                0x00000000000001df       0x2d ./Core/Src/usart.o
 .ARM.attributes
                0x000000000000020c       0x21 ./Core/Startup/startup_stm32f103rctx.o
 .ARM.attributes
                0x000000000000022d       0x2d ./Core/ThreadSafe/newlib_lock_glue.o
 .ARM.attributes
                0x000000000000025a       0x2d ./Csro/fnd_com/fnd_com.o
 .ARM.attributes
                0x0000000000000287       0x2d ./Csro/fnd_flash/ee.o
 .ARM.attributes
                0x00000000000002b4       0x2d ./Csro/fnd_input/fnd_input.o
 .ARM.attributes
                0x00000000000002e1       0x2d ./Csro/fnd_led/fnd_led.o
 .ARM.attributes
                0x000000000000030e       0x2d ./Csro/fnd_output/fnd_output.o
 .ARM.attributes
                0x000000000000033b       0x2d ./Csro/fnd_rf433/fnd_rf433.o
 .ARM.attributes
                0x0000000000000368       0x2d ./Drivers/STM32F1xx_HAL_Driver/Src/stm32f1xx_hal.o
 .ARM.attributes
                0x0000000000000395       0x2d ./Drivers/STM32F1xx_HAL_Driver/Src/stm32f1xx_hal_cortex.o
 .ARM.attributes
                0x00000000000003c2       0x2d ./Drivers/STM32F1xx_HAL_Driver/Src/stm32f1xx_hal_dma.o
 .ARM.attributes
                0x00000000000003ef       0x2d ./Drivers/STM32F1xx_HAL_Driver/Src/stm32f1xx_hal_gpio.o
 .ARM.attributes
                0x000000000000041c       0x2d ./Drivers/STM32F1xx_HAL_Driver/Src/stm32f1xx_hal_rcc.o
 .ARM.attributes
                0x0000000000000449       0x2d ./Drivers/STM32F1xx_HAL_Driver/Src/stm32f1xx_hal_tim.o
 .ARM.attributes
                0x0000000000000476       0x2d ./Drivers/STM32F1xx_HAL_Driver/Src/stm32f1xx_hal_tim_ex.o
 .ARM.attributes
                0x00000000000004a3       0x2d ./Drivers/STM32F1xx_HAL_Driver/Src/stm32f1xx_hal_uart.o
 .ARM.attributes
                0x00000000000004d0       0x2d ./Middlewares/Modbus_RTU/mb_slave.o
 .ARM.attributes
                0x00000000000004fd       0x2d ./Middlewares/Third_Party/FreeRTOS/Source/CMSIS_RTOS_V2/cmsis_os2.o
 .ARM.attributes
                0x000000000000052a       0x2d ./Middlewares/Third_Party/FreeRTOS/Source/list.o
 .ARM.attributes
                0x0000000000000557       0x2d ./Middlewares/Third_Party/FreeRTOS/Source/queue.o
 .ARM.attributes
                0x0000000000000584       0x2d ./Middlewares/Third_Party/FreeRTOS/Source/tasks.o
 .ARM.attributes
                0x00000000000005b1       0x2d ./Middlewares/Third_Party/FreeRTOS/Source/timers.o
 .ARM.attributes
                0x00000000000005de       0x2d ./Middlewares/Third_Party/FreeRTOS/Source/portable/GCC/ARM_CM3/port.o
 .ARM.attributes
                0x000000000000060b       0x2d ./Middlewares/Third_Party/FreeRTOS/Source/portable/MemMang/heap_4.o
 .ARM.attributes
                0x0000000000000638       0x2d c:/st/stm32cubeide_1.12.1/stm32cubeide/plugins/com.st.stm32cube.ide.mcu.externaltools.gnu-tools-for-stm32.10.3-2021.10.win32_1.0.200.202301161003/tools/bin/../lib/gcc/arm-none-eabi/10.3.1/../../../../arm-none-eabi/lib/thumb/v7-m/nofp\libc_nano.a(lib_a-findfp.o)
 .ARM.attributes
                0x0000000000000665       0x2d c:/st/stm32cubeide_1.12.1/stm32cubeide/plugins/com.st.stm32cube.ide.mcu.externaltools.gnu-tools-for-stm32.10.3-2021.10.win32_1.0.200.202301161003/tools/bin/../lib/gcc/arm-none-eabi/10.3.1/../../../../arm-none-eabi/lib/thumb/v7-m/nofp\libc_nano.a(lib_a-impure.o)
 .ARM.attributes
                0x0000000000000692       0x2d c:/st/stm32cubeide_1.12.1/stm32cubeide/plugins/com.st.stm32cube.ide.mcu.externaltools.gnu-tools-for-stm32.10.3-2021.10.win32_1.0.200.202301161003/tools/bin/../lib/gcc/arm-none-eabi/10.3.1/../../../../arm-none-eabi/lib/thumb/v7-m/nofp\libc_nano.a(lib_a-init.o)
 .ARM.attributes
                0x00000000000006bf       0x2d c:/st/stm32cubeide_1.12.1/stm32cubeide/plugins/com.st.stm32cube.ide.mcu.externaltools.gnu-tools-for-stm32.10.3-2021.10.win32_1.0.200.202301161003/tools/bin/../lib/gcc/arm-none-eabi/10.3.1/../../../../arm-none-eabi/lib/thumb/v7-m/nofp\libc_nano.a(lib_a-memcpy-stub.o)
 .ARM.attributes
                0x00000000000006ec       0x2d c:/st/stm32cubeide_1.12.1/stm32cubeide/plugins/com.st.stm32cube.ide.mcu.externaltools.gnu-tools-for-stm32.10.3-2021.10.win32_1.0.200.202301161003/tools/bin/../lib/gcc/arm-none-eabi/10.3.1/../../../../arm-none-eabi/lib/thumb/v7-m/nofp\libc_nano.a(lib_a-memset.o)
 .ARM.attributes
                0x0000000000000719       0x2d c:/st/stm32cubeide_1.12.1/stm32cubeide/plugins/com.st.stm32cube.ide.mcu.externaltools.gnu-tools-for-stm32.10.3-2021.10.win32_1.0.200.202301161003/tools/bin/../lib/gcc/arm-none-eabi/10.3.1/../../../../arm-none-eabi/lib/thumb/v7-m/nofp\libc_nano.a(lib_a-nano-freer.o)
 .ARM.attributes
                0x0000000000000746       0x2d c:/st/stm32cubeide_1.12.1/stm32cubeide/plugins/com.st.stm32cube.ide.mcu.externaltools.gnu-tools-for-stm32.10.3-2021.10.win32_1.0.200.202301161003/tools/bin/../lib/gcc/arm-none-eabi/10.3.1/../../../../arm-none-eabi/lib/thumb/v7-m/nofp\libc_nano.a(lib_a-nano-mallocr.o)
 .ARM.attributes
                0x0000000000000773       0x2d c:/st/stm32cubeide_1.12.1/stm32cubeide/plugins/com.st.stm32cube.ide.mcu.externaltools.gnu-tools-for-stm32.10.3-2021.10.win32_1.0.200.202301161003/tools/bin/../lib/gcc/arm-none-eabi/10.3.1/../../../../arm-none-eabi/lib/thumb/v7-m/nofp\libc_nano.a(lib_a-reent.o)
 .ARM.attributes
                0x00000000000007a0       0x2d c:/st/stm32cubeide_1.12.1/stm32cubeide/plugins/com.st.stm32cube.ide.mcu.externaltools.gnu-tools-for-stm32.10.3-2021.10.win32_1.0.200.202301161003/tools/bin/../lib/gcc/arm-none-eabi/10.3.1/../../../../arm-none-eabi/lib/thumb/v7-m/nofp\libc_nano.a(lib_a-mlock.o)
 .ARM.attributes
                0x00000000000007cd       0x1d c:/st/stm32cubeide_1.12.1/stm32cubeide/plugins/com.st.stm32cube.ide.mcu.externaltools.gnu-tools-for-stm32.10.3-2021.10.win32_1.0.200.202301161003/tools/bin/../lib/gcc/arm-none-eabi/10.3.1/thumb/v7-m/nofp/crtn.o
OUTPUT(csro_6ch_motor_ctrl_2023_06_29.elf elf32-littlearm)
LOAD linker stubs
LOAD c:/st/stm32cubeide_1.12.1/stm32cubeide/plugins/com.st.stm32cube.ide.mcu.externaltools.gnu-tools-for-stm32.10.3-2021.10.win32_1.0.200.202301161003/tools/bin/../lib/gcc/arm-none-eabi/10.3.1/../../../../arm-none-eabi/lib/thumb/v7-m/nofp\libc.a
LOAD c:/st/stm32cubeide_1.12.1/stm32cubeide/plugins/com.st.stm32cube.ide.mcu.externaltools.gnu-tools-for-stm32.10.3-2021.10.win32_1.0.200.202301161003/tools/bin/../lib/gcc/arm-none-eabi/10.3.1/../../../../arm-none-eabi/lib/thumb/v7-m/nofp\libm.a
LOAD c:/st/stm32cubeide_1.12.1/stm32cubeide/plugins/com.st.stm32cube.ide.mcu.externaltools.gnu-tools-for-stm32.10.3-2021.10.win32_1.0.200.202301161003/tools/bin/../lib/gcc/arm-none-eabi/10.3.1/thumb/v7-m/nofp\libgcc.a

.debug_info     0x0000000000000000    0x1c743
 .debug_info    0x0000000000000000      0x34c ./Core/Src/dma.o
 .debug_info    0x000000000000034c      0x517 ./Core/Src/freertos.o
 .debug_info    0x0000000000000863      0x4f4 ./Core/Src/gpio.o
 .debug_info    0x0000000000000d57      0x8f7 ./Core/Src/main.o
 .debug_info    0x000000000000164e      0x3e6 ./Core/Src/stm32f1xx_hal_msp.o
 .debug_info    0x0000000000001a34      0xa54 ./Core/Src/stm32f1xx_hal_timebase_tim.o
 .debug_info    0x0000000000002488      0xac5 ./Core/Src/stm32f1xx_it.o
 .debug_info    0x0000000000002f4d      0x23d ./Core/Src/system_stm32f1xx.o
 .debug_info    0x000000000000318a      0xb3f ./Core/Src/tim.o
 .debug_info    0x0000000000003cc9      0xae8 ./Core/Src/usart.o
 .debug_info    0x00000000000047b1       0x22 ./Core/Startup/startup_stm32f103rctx.o
 .debug_info    0x00000000000047d3      0x74f ./Core/ThreadSafe/newlib_lock_glue.o
 .debug_info    0x0000000000004f22      0x94b ./Csro/fnd_com/fnd_com.o
 .debug_info    0x000000000000586d      0x475 ./Csro/fnd_flash/ee.o
 .debug_info    0x0000000000005ce2      0x330 ./Csro/fnd_input/fnd_input.o
 .debug_info    0x0000000000006012       0x9b ./Csro/fnd_led/fnd_led.o
 .debug_info    0x00000000000060ad      0x238 ./Csro/fnd_output/fnd_output.o
 .debug_info    0x00000000000062e5      0x86d ./Csro/fnd_rf433/fnd_rf433.o
 .debug_info    0x0000000000006b52      0x79a ./Drivers/STM32F1xx_HAL_Driver/Src/stm32f1xx_hal.o
 .debug_info    0x00000000000072ec      0xb86 ./Drivers/STM32F1xx_HAL_Driver/Src/stm32f1xx_hal_cortex.o
 .debug_info    0x0000000000007e72      0x744 ./Drivers/STM32F1xx_HAL_Driver/Src/stm32f1xx_hal_dma.o
 .debug_info    0x00000000000085b6      0x615 ./Drivers/STM32F1xx_HAL_Driver/Src/stm32f1xx_hal_gpio.o
 .debug_info    0x0000000000008bcb      0x865 ./Drivers/STM32F1xx_HAL_Driver/Src/stm32f1xx_hal_rcc.o
 .debug_info    0x0000000000009430     0x2bab ./Drivers/STM32F1xx_HAL_Driver/Src/stm32f1xx_hal_tim.o
 .debug_info    0x000000000000bfdb     0x15c7 ./Drivers/STM32F1xx_HAL_Driver/Src/stm32f1xx_hal_tim_ex.o
 .debug_info    0x000000000000d5a2     0x31b2 ./Drivers/STM32F1xx_HAL_Driver/Src/stm32f1xx_hal_uart.o
 .debug_info    0x0000000000010754      0xfb8 ./Middlewares/Modbus_RTU/mb_slave.o
 .debug_info    0x000000000001170c     0x4300 ./Middlewares/Third_Party/FreeRTOS/Source/CMSIS_RTOS_V2/cmsis_os2.o
 .debug_info    0x0000000000015a0c      0x2cb ./Middlewares/Third_Party/FreeRTOS/Source/list.o
 .debug_info    0x0000000000015cd7     0x1bf9 ./Middlewares/Third_Party/FreeRTOS/Source/queue.o
 .debug_info    0x00000000000178d0     0x2a28 ./Middlewares/Third_Party/FreeRTOS/Source/tasks.o
 .debug_info    0x000000000001a2f8     0x1bac ./Middlewares/Third_Party/FreeRTOS/Source/timers.o
 .debug_info    0x000000000001bea4      0x4b7 ./Middlewares/Third_Party/FreeRTOS/Source/portable/GCC/ARM_CM3/port.o
 .debug_info    0x000000000001c35b      0x3e8 ./Middlewares/Third_Party/FreeRTOS/Source/portable/MemMang/heap_4.o

.debug_abbrev   0x0000000000000000     0x45ad
 .debug_abbrev  0x0000000000000000       0xf8 ./Core/Src/dma.o
 .debug_abbrev  0x00000000000000f8      0x14a ./Core/Src/freertos.o
 .debug_abbrev  0x0000000000000242      0x152 ./Core/Src/gpio.o
 .debug_abbrev  0x0000000000000394      0x222 ./Core/Src/main.o
 .debug_abbrev  0x00000000000005b6      0x115 ./Core/Src/stm32f1xx_hal_msp.o
 .debug_abbrev  0x00000000000006cb      0x1e6 ./Core/Src/stm32f1xx_hal_timebase_tim.o
 .debug_abbrev  0x00000000000008b1      0x1ba ./Core/Src/stm32f1xx_it.o
 .debug_abbrev  0x0000000000000a6b      0x13b ./Core/Src/system_stm32f1xx.o
 .debug_abbrev  0x0000000000000ba6      0x21c ./Core/Src/tim.o
 .debug_abbrev  0x0000000000000dc2      0x206 ./Core/Src/usart.o
 .debug_abbrev  0x0000000000000fc8       0x12 ./Core/Startup/startup_stm32f103rctx.o
 .debug_abbrev  0x0000000000000fda      0x29d ./Core/ThreadSafe/newlib_lock_glue.o
 .debug_abbrev  0x0000000000001277      0x1c3 ./Csro/fnd_com/fnd_com.o
 .debug_abbrev  0x000000000000143a      0x275 ./Csro/fnd_flash/ee.o
 .debug_abbrev  0x00000000000016af      0x168 ./Csro/fnd_input/fnd_input.o
 .debug_abbrev  0x0000000000001817       0x47 ./Csro/fnd_led/fnd_led.o
 .debug_abbrev  0x000000000000185e      0x14a ./Csro/fnd_output/fnd_output.o
 .debug_abbrev  0x00000000000019a8      0x1e4 ./Csro/fnd_rf433/fnd_rf433.o
 .debug_abbrev  0x0000000000001b8c      0x1fb ./Drivers/STM32F1xx_HAL_Driver/Src/stm32f1xx_hal.o
 .debug_abbrev  0x0000000000001d87      0x2ed ./Drivers/STM32F1xx_HAL_Driver/Src/stm32f1xx_hal_cortex.o
 .debug_abbrev  0x0000000000002074      0x1fe ./Drivers/STM32F1xx_HAL_Driver/Src/stm32f1xx_hal_dma.o
 .debug_abbrev  0x0000000000002272      0x1bb ./Drivers/STM32F1xx_HAL_Driver/Src/stm32f1xx_hal_gpio.o
 .debug_abbrev  0x000000000000242d      0x2a8 ./Drivers/STM32F1xx_HAL_Driver/Src/stm32f1xx_hal_rcc.o
 .debug_abbrev  0x00000000000026d5      0x264 ./Drivers/STM32F1xx_HAL_Driver/Src/stm32f1xx_hal_tim.o
 .debug_abbrev  0x0000000000002939      0x26c ./Drivers/STM32F1xx_HAL_Driver/Src/stm32f1xx_hal_tim_ex.o
 .debug_abbrev  0x0000000000002ba5      0x2df ./Drivers/STM32F1xx_HAL_Driver/Src/stm32f1xx_hal_uart.o
 .debug_abbrev  0x0000000000002e84      0x28e ./Middlewares/Modbus_RTU/mb_slave.o
 .debug_abbrev  0x0000000000003112      0x446 ./Middlewares/Third_Party/FreeRTOS/Source/CMSIS_RTOS_V2/cmsis_os2.o
 .debug_abbrev  0x0000000000003558       0xf2 ./Middlewares/Third_Party/FreeRTOS/Source/list.o
 .debug_abbrev  0x000000000000364a      0x3ba ./Middlewares/Third_Party/FreeRTOS/Source/queue.o
 .debug_abbrev  0x0000000000003a04      0x3f3 ./Middlewares/Third_Party/FreeRTOS/Source/tasks.o
 .debug_abbrev  0x0000000000003df7      0x360 ./Middlewares/Third_Party/FreeRTOS/Source/timers.o
 .debug_abbrev  0x0000000000004157      0x257 ./Middlewares/Third_Party/FreeRTOS/Source/portable/GCC/ARM_CM3/port.o
 .debug_abbrev  0x00000000000043ae      0x1ff ./Middlewares/Third_Party/FreeRTOS/Source/portable/MemMang/heap_4.o

.debug_aranges  0x0000000000000000     0x16e0
 .debug_aranges
                0x0000000000000000       0x20 ./Core/Src/dma.o
 .debug_aranges
                0x0000000000000020       0x48 ./Core/Src/freertos.o
 .debug_aranges
                0x0000000000000068       0x20 ./Core/Src/gpio.o
 .debug_aranges
                0x0000000000000088       0x38 ./Core/Src/main.o
 .debug_aranges
                0x00000000000000c0       0x20 ./Core/Src/stm32f1xx_hal_msp.o
 .debug_aranges
                0x00000000000000e0       0x30 ./Core/Src/stm32f1xx_hal_timebase_tim.o
 .debug_aranges
                0x0000000000000110       0xa0 ./Core/Src/stm32f1xx_it.o
 .debug_aranges
                0x00000000000001b0       0x28 ./Core/Src/system_stm32f1xx.o
 .debug_aranges
                0x00000000000001d8       0x38 ./Core/Src/tim.o
 .debug_aranges
                0x0000000000000210       0x38 ./Core/Src/usart.o
 .debug_aranges
                0x0000000000000248       0x28 ./Core/Startup/startup_stm32f103rctx.o
 .debug_aranges
                0x0000000000000270       0xa0 ./Core/ThreadSafe/newlib_lock_glue.o
 .debug_aranges
                0x0000000000000310       0x40 ./Csro/fnd_com/fnd_com.o
 .debug_aranges
                0x0000000000000350       0x60 ./Csro/fnd_flash/ee.o
 .debug_aranges
                0x00000000000003b0       0x30 ./Csro/fnd_input/fnd_input.o
 .debug_aranges
                0x00000000000003e0       0x28 ./Csro/fnd_led/fnd_led.o
 .debug_aranges
                0x0000000000000408       0x28 ./Csro/fnd_output/fnd_output.o
 .debug_aranges
                0x0000000000000430       0x28 ./Csro/fnd_rf433/fnd_rf433.o
 .debug_aranges
                0x0000000000000458       0xe0 ./Drivers/STM32F1xx_HAL_Driver/Src/stm32f1xx_hal.o
 .debug_aranges
                0x0000000000000538      0x100 ./Drivers/STM32F1xx_HAL_Driver/Src/stm32f1xx_hal_cortex.o
 .debug_aranges
                0x0000000000000638       0x80 ./Drivers/STM32F1xx_HAL_Driver/Src/stm32f1xx_hal_dma.o
 .debug_aranges
                0x00000000000006b8       0x58 ./Drivers/STM32F1xx_HAL_Driver/Src/stm32f1xx_hal_gpio.o
 .debug_aranges
                0x0000000000000710       0x90 ./Drivers/STM32F1xx_HAL_Driver/Src/stm32f1xx_hal_rcc.o
 .debug_aranges
                0x00000000000007a0      0x3d0 ./Drivers/STM32F1xx_HAL_Driver/Src/stm32f1xx_hal_tim.o
 .debug_aranges
                0x0000000000000b70      0x168 ./Drivers/STM32F1xx_HAL_Driver/Src/stm32f1xx_hal_tim_ex.o
 .debug_aranges
                0x0000000000000cd8      0x208 ./Drivers/STM32F1xx_HAL_Driver/Src/stm32f1xx_hal_uart.o
 .debug_aranges
                0x0000000000000ee0       0xa0 ./Middlewares/Modbus_RTU/mb_slave.o
 .debug_aranges
                0x0000000000000f80      0x228 ./Middlewares/Third_Party/FreeRTOS/Source/CMSIS_RTOS_V2/cmsis_os2.o
 .debug_aranges
                0x00000000000011a8       0x40 ./Middlewares/Third_Party/FreeRTOS/Source/list.o
 .debug_aranges
                0x00000000000011e8      0x158 ./Middlewares/Third_Party/FreeRTOS/Source/queue.o